Archive member included to satisfy reference by file (symbol)

/Users/evie/src/MBED/gcc-arm-none-eabi-6-2017-q1-update/bin/../lib/gcc/arm-none-eabi/6.3.1/../../../../arm-none-eabi/lib/thumb/v6-m/libc.a(lib_a-calloc.o)
                              ./BUILD/kl25z/GCC_ARM/mbed-os/features/mbedtls/src/asn1parse.o (calloc)
/Users/evie/src/MBED/gcc-arm-none-eabi-6-2017-q1-update/bin/../lib/gcc/arm-none-eabi/6.3.1/../../../../arm-none-eabi/lib/thumb/v6-m/libc.a(lib_a-callocr.o)
                              ./BUILD/kl25z/GCC_ARM/mbed-os/platform/mbed_alloc_wrappers.o (_calloc_r)
/Users/evie/src/MBED/gcc-arm-none-eabi-6-2017-q1-update/bin/../lib/gcc/arm-none-eabi/6.3.1/../../../../arm-none-eabi/lib/thumb/v6-m/libc.a(lib_a-errno.o)
                              ./BUILD/kl25z/GCC_ARM/mbed-os/features/filesystem/fat/FATFileSystem.o (__errno)
/Users/evie/src/MBED/gcc-arm-none-eabi-6-2017-q1-update/bin/../lib/gcc/arm-none-eabi/6.3.1/../../../../arm-none-eabi/lib/thumb/v6-m/libc.a(lib_a-fclose.o)
                              ./BUILD/kl25z/GCC_ARM/mbed-os/platform/Stream.o (fclose)
/Users/evie/src/MBED/gcc-arm-none-eabi-6-2017-q1-update/bin/../lib/gcc/arm-none-eabi/6.3.1/../../../../arm-none-eabi/lib/thumb/v6-m/libc.a(lib_a-fflush.o)
                              /Users/evie/src/MBED/gcc-arm-none-eabi-6-2017-q1-update/bin/../lib/gcc/arm-none-eabi/6.3.1/../../../../arm-none-eabi/lib/thumb/v6-m/libc.a(lib_a-fclose.o) (__sflush_r)
/Users/evie/src/MBED/gcc-arm-none-eabi-6-2017-q1-update/bin/../lib/gcc/arm-none-eabi/6.3.1/../../../../arm-none-eabi/lib/thumb/v6-m/libc.a(lib_a-fgetc.o)
                              ./BUILD/kl25z/GCC_ARM/mbed-os/platform/mbed_retarget.o (fgetc)
/Users/evie/src/MBED/gcc-arm-none-eabi-6-2017-q1-update/bin/../lib/gcc/arm-none-eabi/6.3.1/../../../../arm-none-eabi/lib/thumb/v6-m/libc.a(lib_a-fgets.o)
                              ./BUILD/kl25z/GCC_ARM/mbed-os/platform/mbed_retarget.o (fgets)
/Users/evie/src/MBED/gcc-arm-none-eabi-6-2017-q1-update/bin/../lib/gcc/arm-none-eabi/6.3.1/../../../../arm-none-eabi/lib/thumb/v6-m/libc.a(lib_a-findfp.o)
                              /Users/evie/src/MBED/gcc-arm-none-eabi-6-2017-q1-update/bin/../lib/gcc/arm-none-eabi/6.3.1/../../../../arm-none-eabi/lib/thumb/v6-m/libc.a(lib_a-fclose.o) (__sinit)
/Users/evie/src/MBED/gcc-arm-none-eabi-6-2017-q1-update/bin/../lib/gcc/arm-none-eabi/6.3.1/../../../../arm-none-eabi/lib/thumb/v6-m/libc.a(lib_a-fopen.o)
                              ./BUILD/kl25z/GCC_ARM/mbed-os/platform/mbed_retarget.o (fopen)
/Users/evie/src/MBED/gcc-arm-none-eabi-6-2017-q1-update/bin/../lib/gcc/arm-none-eabi/6.3.1/../../../../arm-none-eabi/lib/thumb/v6-m/libc.a(lib_a-fputc.o)
                              ./BUILD/kl25z/GCC_ARM/mbed-os/platform/Stream.o (fputc)
/Users/evie/src/MBED/gcc-arm-none-eabi-6-2017-q1-update/bin/../lib/gcc/arm-none-eabi/6.3.1/../../../../arm-none-eabi/lib/thumb/v6-m/libc.a(lib_a-fputs.o)
                              ./BUILD/kl25z/GCC_ARM/mbed-os/platform/Stream.o (fputs)
/Users/evie/src/MBED/gcc-arm-none-eabi-6-2017-q1-update/bin/../lib/gcc/arm-none-eabi/6.3.1/../../../../arm-none-eabi/lib/thumb/v6-m/libc.a(lib_a-freer.o)
                              ./BUILD/kl25z/GCC_ARM/mbed-os/platform/mbed_alloc_wrappers.o (_free_r)
/Users/evie/src/MBED/gcc-arm-none-eabi-6-2017-q1-update/bin/../lib/gcc/arm-none-eabi/6.3.1/../../../../arm-none-eabi/lib/thumb/v6-m/libc.a(lib_a-fseek.o)
                              /Users/evie/src/MBED/gcc-arm-none-eabi-6-2017-q1-update/bin/../lib/gcc/arm-none-eabi/6.3.1/../../../../arm-none-eabi/lib/thumb/v6-m/libc.a(lib_a-fopen.o) (_fseek_r)
/Users/evie/src/MBED/gcc-arm-none-eabi-6-2017-q1-update/bin/../lib/gcc/arm-none-eabi/6.3.1/../../../../arm-none-eabi/lib/thumb/v6-m/libc.a(lib_a-fseeko.o)
                              /Users/evie/src/MBED/gcc-arm-none-eabi-6-2017-q1-update/bin/../lib/gcc/arm-none-eabi/6.3.1/../../../../arm-none-eabi/lib/thumb/v6-m/libc.a(lib_a-fseek.o) (_fseeko_r)
/Users/evie/src/MBED/gcc-arm-none-eabi-6-2017-q1-update/bin/../lib/gcc/arm-none-eabi/6.3.1/../../../../arm-none-eabi/lib/thumb/v6-m/libc.a(lib_a-fstatr.o)
                              /Users/evie/src/MBED/gcc-arm-none-eabi-6-2017-q1-update/bin/../lib/gcc/arm-none-eabi/6.3.1/../../../../arm-none-eabi/lib/thumb/v6-m/libc.a(lib_a-fseeko.o) (_fstat_r)
/Users/evie/src/MBED/gcc-arm-none-eabi-6-2017-q1-update/bin/../lib/gcc/arm-none-eabi/6.3.1/../../../../arm-none-eabi/lib/thumb/v6-m/libc.a(lib_a-fvwrite.o)
                              /Users/evie/src/MBED/gcc-arm-none-eabi-6-2017-q1-update/bin/../lib/gcc/arm-none-eabi/6.3.1/../../../../arm-none-eabi/lib/thumb/v6-m/libc.a(lib_a-fputs.o) (__sfvwrite_r)
/Users/evie/src/MBED/gcc-arm-none-eabi-6-2017-q1-update/bin/../lib/gcc/arm-none-eabi/6.3.1/../../../../arm-none-eabi/lib/thumb/v6-m/libc.a(lib_a-fwalk.o)
[...]
Memory Configuration

Name             Origin             Length             Attributes
VECTORS          0x0000000000000000 0x0000000000000400 xr
FLASH_PROTECTION 0x0000000000000400 0x0000000000000010 xr
FLASH            0x0000000000000410 0x000000000001fbf0 xr
RAM              0x000000001ffff0c0 0x0000000000003f40 xrw
*default*        0x0000000000000000 0xffffffffffffffff

Linker script and memory map

LOAD /Users/evie/src/MBED/gcc-arm-none-eabi-6-2017-q1-update/bin/../lib/gcc/arm-none-eabi/6.3.1/thumb/v6-m/crti.o
LOAD /Users/evie/src/MBED/gcc-arm-none-eabi-6-2017-q1-update/bin/../lib/gcc/arm-none-eabi/6.3.1/thumb/v6-m/crtbegin.o
LOAD /Users/evie/src/MBED/gcc-arm-none-eabi-6-2017-q1-update/bin/../lib/gcc/arm-none-eabi/6.3.1/../../../../arm-none-eabi/lib/thumb/v6-m/crt0.o
LOAD ./BUILD/kl25z/GCC_ARM/./main.o
LOAD ./BUILD/kl25z/GCC_ARM/./test_env.o
LOAD ./BUILD/kl25z/GCC_ARM/mbed-os/drivers/AnalogIn.o
LOAD ./BUILD/kl25z/GCC_ARM/mbed-os/drivers/BusIn.o
LOAD ./BUILD/kl25z/GCC_ARM/mbed-os/drivers/BusInOut.o
LOAD ./BUILD/kl25z/GCC_ARM/mbed-os/drivers/BusOut.o
LOAD ./BUILD/kl25z/GCC_ARM/mbed-os/drivers/CAN.o
LOAD ./BUILD/kl25z/GCC_ARM/mbed-os/drivers/Ethernet.o
LOAD ./BUILD/kl25z/GCC_ARM/mbed-os/drivers/FlashIAP.o
LOAD ./BUILD/kl25z/GCC_ARM/mbed-os/drivers/I2C.o
LOAD ./BUILD/kl25z/GCC_ARM/mbed-os/drivers/I2CSlave.o
LOAD ./BUILD/kl25z/GCC_ARM/mbed-os/drivers/InterruptIn.o
LOAD ./BUILD/kl25z/GCC_ARM/mbed-os/drivers/InterruptManager.o
LOAD ./BUILD/kl25z/GCC_ARM/mbed-os/drivers/RawSerial.o
LOAD ./BUILD/kl25z/GCC_ARM/mbed-os/drivers/SPI.o
LOAD ./BUILD/kl25z/GCC_ARM/mbed-os/drivers/SPISlave.o
LOAD ./BUILD/kl25z/GCC_ARM/mbed-os/drivers/Serial.o
LOAD ./BUILD/kl25z/GCC_ARM/mbed-os/drivers/SerialBase.o
LOAD ./BUILD/kl25z/GCC_ARM/mbed-os/drivers/Ticker.o
LOAD ./BUILD/kl25z/GCC_ARM/mbed-os/drivers/Timeout.o
LOAD ./BUILD/kl25z/GCC_ARM/mbed-os/drivers/Timer.o
LOAD ./BUILD/kl25z/GCC_ARM/mbed-os/drivers/TimerEvent.o
LOAD ./BUILD/kl25z/GCC_ARM/mbed-os/drivers/UARTSerial.o
LOAD ./BUILD/kl25z/GCC_ARM/mbed-os/events/EventQueue.o
LOAD ./BUILD/kl25z/GCC_ARM/mbed-os/events/equeue/equeue.o
LOAD ./BUILD/kl25z/GCC_ARM/mbed-os/events/equeue/equeue_mbed.o
LOAD ./BUILD/kl25z/GCC_ARM/mbed-os/events/equeue/equeue_posix.o
LOAD ./BUILD/kl25z/GCC_ARM/mbed-os/features/filesystem/Dir.o
LOAD ./BUILD/kl25z/GCC_ARM/mbed-os/features/filesystem/File.o
LOAD ./BUILD/kl25z/GCC_ARM/mbed-os/features/filesystem/FileSystem.o
LOAD ./BUILD/kl25z/GCC_ARM/mbed-os/features/filesystem/bd/ChainingBlockDevice.o
LOAD ./BUILD/kl25z/GCC_ARM/mbed-os/features/filesystem/bd/HeapBlockDevice.o
LOAD ./BUILD/kl25z/GCC_ARM/mbed-os/features/filesystem/bd/MBRBlockDevice.o
LOAD ./BUILD/kl25z/GCC_ARM/mbed-os/features/filesystem/bd/SlicingBlockDevice.o
LOAD ./BUILD/kl25z/GCC_ARM/mbed-os/features/filesystem/fat/ChaN/ccsbcs.o
LOAD ./BUILD/kl25z/GCC_ARM/mbed-os/features/filesystem/fat/ChaN/ff.o
LOAD ./BUILD/kl25z/GCC_ARM/mbed-os/features/filesystem/fat/FATFileSystem.o
LOAD ./BUILD/kl25z/GCC_ARM/mbed-os/features/frameworks/greentea-client/source/greentea_metrics.o
LOAD ./BUILD/kl25z/GCC_ARM/mbed-os/features/frameworks/greentea-client/source/greentea_serial.o
LOAD ./BUILD/kl25z/GCC_ARM/mbed-os/features/frameworks/greentea-client/source/greentea_test_env.o
LOAD ./BUILD/kl25z/GCC_ARM/mbed-os/features/frameworks/unity/source/unity.o
LOAD ./BUILD/kl25z/GCC_ARM/mbed-os/features/frameworks/utest/mbed-utest-shim.o
LOAD ./BUILD/kl25z/GCC_ARM/mbed-os/features/frameworks/utest/source/unity_handler.o
LOAD ./BUILD/kl25z/GCC_ARM/mbed-os/features/frameworks/utest/source/utest_case.o
LOAD ./BUILD/kl25z/GCC_ARM/mbed-os/features/frameworks/utest/source/utest_default_handlers.o
LOAD ./BUILD/kl25z/GCC_ARM/mbed-os/features/frameworks/utest/source/utest_greentea_handlers.o
LOAD ./BUILD/kl25z/GCC_ARM/mbed-os/features/frameworks/utest/source/utest_harness.o
LOAD ./BUILD/kl25z/GCC_ARM/mbed-os/features/frameworks/utest/source/utest_shim.o
LOAD ./BUILD/kl25z/GCC_ARM/mbed-os/features/frameworks/utest/source/utest_stack_trace.o
LOAD ./BUILD/kl25z/GCC_ARM/mbed-os/features/frameworks/utest/source/utest_types.o
LOAD ./BUILD/kl25z/GCC_ARM/mbed-os/features/mbedtls/platform/src/mbed_trng.o
LOAD ./BUILD/kl25z/GCC_ARM/mbed-os/features/mbedtls/src/aes.o
LOAD ./BUILD/kl25z/GCC_ARM/mbed-os/features/mbedtls/src/aesni.o
LOAD ./BUILD/kl25z/GCC_ARM/mbed-os/features/mbedtls/src/arc4.o
LOAD ./BUILD/kl25z/GCC_ARM/mbed-os/features/mbedtls/src/asn1parse.o
LOAD ./BUILD/kl25z/GCC_ARM/mbed-os/features/mbedtls/src/asn1write.o
LOAD ./BUILD/kl25z/GCC_ARM/mbed-os/features/mbedtls/src/base64.o
LOAD ./BUILD/kl25z/GCC_ARM/mbed-os/features/mbedtls/src/bignum.o
LOAD ./BUILD/kl25z/GCC_ARM/mbed-os/features/mbedtls/src/blowfish.o
LOAD ./BUILD/kl25z/GCC_ARM/mbed-os/features/mbedtls/src/camellia.o
LOAD ./BUILD/kl25z/GCC_ARM/mbed-os/features/mbedtls/src/ccm.o
LOAD ./BUILD/kl25z/GCC_ARM/mbed-os/features/mbedtls/src/certs.o
LOAD ./BUILD/kl25z/GCC_ARM/mbed-os/features/mbedtls/src/cipher.o
LOAD ./BUILD/kl25z/GCC_ARM/mbed-os/features/mbedtls/src/cipher_wrap.o
LOAD ./BUILD/kl25z/GCC_ARM/mbed-os/features/mbedtls/src/cmac.o
LOAD ./BUILD/kl25z/GCC_ARM/mbed-os/features/mbedtls/src/ctr_drbg.o
LOAD ./BUILD/kl25z/GCC_ARM/mbed-os/features/mbedtls/src/debug.o
LOAD ./BUILD/kl25z/GCC_ARM/mbed-os/features/mbedtls/src/des.o
LOAD ./BUILD/kl25z/GCC_ARM/mbed-os/features/mbedtls/src/dhm.o
LOAD ./BUILD/kl25z/GCC_ARM/mbed-os/features/mbedtls/src/ecdh.o
LOAD ./BUILD/kl25z/GCC_ARM/mbed-os/features/mbedtls/src/ecdsa.o
LOAD ./BUILD/kl25z/GCC_ARM/mbed-os/features/mbedtls/src/ecjpake.o
LOAD ./BUILD/kl25z/GCC_ARM/mbed-os/features/mbedtls/src/ecp.o
LOAD ./BUILD/kl25z/GCC_ARM/mbed-os/features/mbedtls/src/ecp_curves.o
LOAD ./BUILD/kl25z/GCC_ARM/mbed-os/features/mbedtls/src/entropy.o
LOAD ./BUILD/kl25z/GCC_ARM/mbed-os/features/mbedtls/src/entropy_poll.o
LOAD ./BUILD/kl25z/GCC_ARM/mbed-os/features/mbedtls/src/error.o
LOAD ./BUILD/kl25z/GCC_ARM/mbed-os/features/mbedtls/src/gcm.o
LOAD ./BUILD/kl25z/GCC_ARM/mbed-os/features/mbedtls/src/havege.o
LOAD ./BUILD/kl25z/GCC_ARM/mbed-os/features/mbedtls/src/hmac_drbg.o
LOAD ./BUILD/kl25z/GCC_ARM/mbed-os/features/mbedtls/src/md.o
LOAD ./BUILD/kl25z/GCC_ARM/mbed-os/features/mbedtls/src/md2.o
LOAD ./BUILD/kl25z/GCC_ARM/mbed-os/features/mbedtls/src/md4.o
LOAD ./BUILD/kl25z/GCC_ARM/mbed-os/features/mbedtls/src/md5.o
LOAD ./BUILD/kl25z/GCC_ARM/mbed-os/features/mbedtls/src/md_wrap.o
LOAD ./BUILD/kl25z/GCC_ARM/mbed-os/features/mbedtls/src/memory_buffer_alloc.o
LOAD ./BUILD/kl25z/GCC_ARM/mbed-os/features/mbedtls/src/net_sockets.o
LOAD ./BUILD/kl25z/GCC_ARM/mbed-os/features/mbedtls/src/oid.o
LOAD ./BUILD/kl25z/GCC_ARM/mbed-os/features/mbedtls/src/padlock.o
LOAD ./BUILD/kl25z/GCC_ARM/mbed-os/features/mbedtls/src/pem.o
LOAD ./BUILD/kl25z/GCC_ARM/mbed-os/features/mbedtls/src/pk.o
LOAD ./BUILD/kl25z/GCC_ARM/mbed-os/features/mbedtls/src/pk_wrap.o
LOAD ./BUILD/kl25z/GCC_ARM/mbed-os/features/mbedtls/src/pkcs11.o
LOAD ./BUILD/kl25z/GCC_ARM/mbed-os/features/mbedtls/src/pkcs12.o
LOAD ./BUILD/kl25z/GCC_ARM/mbed-os/features/mbedtls/src/pkcs5.o
LOAD ./BUILD/kl25z/GCC_ARM/mbed-os/features/mbedtls/src/pkparse.o
LOAD ./BUILD/kl25z/GCC_ARM/mbed-os/features/mbedtls/src/pkwrite.o
LOAD ./BUILD/kl25z/GCC_ARM/mbed-os/features/mbedtls/src/platform.o
LOAD ./BUILD/kl25z/GCC_ARM/mbed-os/features/mbedtls/src/ripemd160.o
LOAD ./BUILD/kl25z/GCC_ARM/mbed-os/features/mbedtls/src/rsa.o
LOAD ./BUILD/kl25z/GCC_ARM/mbed-os/features/mbedtls/src/sha1.o
LOAD ./BUILD/kl25z/GCC_ARM/mbed-os/features/mbedtls/src/sha256.o
LOAD ./BUILD/kl25z/GCC_ARM/mbed-os/features/mbedtls/src/sha512.o
LOAD ./BUILD/kl25z/GCC_ARM/mbed-os/features/mbedtls/src/ssl_cache.o
LOAD ./BUILD/kl25z/GCC_ARM/mbed-os/features/mbedtls/src/ssl_ciphersuites.o
LOAD ./BUILD/kl25z/GCC_ARM/mbed-os/features/mbedtls/src/ssl_cli.o
LOAD ./BUILD/kl25z/GCC_ARM/mbed-os/features/mbedtls/src/ssl_cookie.o
LOAD ./BUILD/kl25z/GCC_ARM/mbed-os/features/mbedtls/src/ssl_srv.o
LOAD ./BUILD/kl25z/GCC_ARM/mbed-os/features/mbedtls/src/ssl_ticket.o
LOAD ./BUILD/kl25z/GCC_ARM/mbed-os/features/mbedtls/src/ssl_tls.o
LOAD ./BUILD/kl25z/GCC_ARM/mbed-os/features/mbedtls/src/threading.o
LOAD ./BUILD/kl25z/GCC_ARM/mbed-os/features/mbedtls/src/timing.o
LOAD ./BUILD/kl25z/GCC_ARM/mbed-os/features/mbedtls/src/version.o
LOAD ./BUILD/kl25z/GCC_ARM/mbed-os/features/mbedtls/src/version_features.o
LOAD ./BUILD/kl25z/GCC_ARM/mbed-os/features/mbedtls/src/x509.o
LOAD ./BUILD/kl25z/GCC_ARM/mbed-os/features/mbedtls/src/x509_create.o
LOAD ./BUILD/kl25z/GCC_ARM/mbed-os/features/mbedtls/src/x509_crl.o
LOAD ./BUILD/kl25z/GCC_ARM/mbed-os/features/mbedtls/src/x509_crt.o
LOAD ./BUILD/kl25z/GCC_ARM/mbed-os/features/mbedtls/src/x509_csr.o
LOAD ./BUILD/kl25z/GCC_ARM/mbed-os/features/mbedtls/src/x509write_crt.o
LOAD ./BUILD/kl25z/GCC_ARM/mbed-os/features/mbedtls/src/x509write_csr.o
LOAD ./BUILD/kl25z/GCC_ARM/mbed-os/features/mbedtls/src/xtea.o
LOAD ./BUILD/kl25z/GCC_ARM/mbed-os/features/netsocket/NetworkInterface.o
LOAD ./BUILD/kl25z/GCC_ARM/mbed-os/features/netsocket/NetworkStack.o
LOAD ./BUILD/kl25z/GCC_ARM/mbed-os/features/netsocket/Socket.o
LOAD ./BUILD/kl25z/GCC_ARM/mbed-os/features/netsocket/SocketAddress.o
LOAD ./BUILD/kl25z/GCC_ARM/mbed-os/features/netsocket/TCPServer.o
LOAD ./BUILD/kl25z/GCC_ARM/mbed-os/features/netsocket/TCPSocket.o
LOAD ./BUILD/kl25z/GCC_ARM/mbed-os/features/netsocket/UDPSocket.o
LOAD ./BUILD/kl25z/GCC_ARM/mbed-os/features/netsocket/WiFiAccessPoint.o
LOAD ./BUILD/kl25z/GCC_ARM/mbed-os/features/netsocket/cellular/generic_modem_driver/OnboardCellularInterface.o
LOAD ./BUILD/kl25z/GCC_ARM/mbed-os/features/netsocket/cellular/generic_modem_driver/PPPCellularInterface.o
LOAD ./BUILD/kl25z/GCC_ARM/mbed-os/features/netsocket/cellular/generic_modem_driver/UARTCellularInterface.o
LOAD ./BUILD/kl25z/GCC_ARM/mbed-os/features/netsocket/nsapi_dns.o
LOAD ./BUILD/kl25z/GCC_ARM/mbed-os/hal/mbed_gpio.o
LOAD ./BUILD/kl25z/GCC_ARM/mbed-os/hal/mbed_lp_ticker_api.o
LOAD ./BUILD/kl25z/GCC_ARM/mbed-os/hal/mbed_pinmap_common.o
LOAD ./BUILD/kl25z/GCC_ARM/mbed-os/hal/mbed_ticker_api.o
LOAD ./BUILD/kl25z/GCC_ARM/mbed-os/hal/mbed_us_ticker_api.o
LOAD ./BUILD/kl25z/GCC_ARM/mbed-os/platform/ATCmdParser.o
LOAD ./BUILD/kl25z/GCC_ARM/mbed-os/platform/CallChain.o
LOAD ./BUILD/kl25z/GCC_ARM/mbed-os/platform/FileBase.o
LOAD ./BUILD/kl25z/GCC_ARM/mbed-os/platform/FileHandle.o
LOAD ./BUILD/kl25z/GCC_ARM/mbed-os/platform/FilePath.o
LOAD ./BUILD/kl25z/GCC_ARM/mbed-os/platform/FileSystemHandle.o
LOAD ./BUILD/kl25z/GCC_ARM/mbed-os/platform/LocalFileSystem.o
LOAD ./BUILD/kl25z/GCC_ARM/mbed-os/platform/Stream.o
LOAD ./BUILD/kl25z/GCC_ARM/mbed-os/platform/mbed_alloc_wrappers.o
LOAD ./BUILD/kl25z/GCC_ARM/mbed-os/platform/mbed_application.o
LOAD ./BUILD/kl25z/GCC_ARM/mbed-os/platform/mbed_assert.o
LOAD ./BUILD/kl25z/GCC_ARM/mbed-os/platform/mbed_board.o
LOAD ./BUILD/kl25z/GCC_ARM/mbed-os/platform/mbed_critical.o
LOAD ./BUILD/kl25z/GCC_ARM/mbed-os/platform/mbed_error.o
LOAD ./BUILD/kl25z/GCC_ARM/mbed-os/platform/mbed_interface.o
LOAD ./BUILD/kl25z/GCC_ARM/mbed-os/platform/mbed_mem_trace.o
LOAD ./BUILD/kl25z/GCC_ARM/mbed-os/platform/mbed_mktime.o
LOAD ./BUILD/kl25z/GCC_ARM/mbed-os/platform/mbed_poll.o
LOAD ./BUILD/kl25z/GCC_ARM/mbed-os/platform/mbed_retarget.o
LOAD ./BUILD/kl25z/GCC_ARM/mbed-os/platform/mbed_rtc_time.o
LOAD ./BUILD/kl25z/GCC_ARM/mbed-os/platform/mbed_sdk_boot.o
LOAD ./BUILD/kl25z/GCC_ARM/mbed-os/platform/mbed_semihost_api.o
LOAD ./BUILD/kl25z/GCC_ARM/mbed-os/platform/mbed_stats.o
LOAD ./BUILD/kl25z/GCC_ARM/mbed-os/platform/mbed_wait_api_no_rtos.o
LOAD ./BUILD/kl25z/GCC_ARM/mbed-os/platform/mbed_wait_api_rtos.o
LOAD ./BUILD/kl25z/GCC_ARM/mbed-os/rtos/Mutex.o
LOAD ./BUILD/kl25z/GCC_ARM/mbed-os/rtos/RtosTimer.o
LOAD ./BUILD/kl25z/GCC_ARM/mbed-os/rtos/Semaphore.o
LOAD ./BUILD/kl25z/GCC_ARM/mbed-os/rtos/Thread.o
LOAD ./BUILD/kl25z/GCC_ARM/mbed-os/rtos/mbed_boot.o
LOAD ./BUILD/kl25z/GCC_ARM/mbed-os/rtos/rtos_idle.o
LOAD ./BUILD/kl25z/GCC_ARM/mbed-os/rtos/rtx4/cmsis_os1.o
LOAD ./BUILD/kl25z/GCC_ARM/mbed-os/rtos/rtx5/TARGET_CORTEX_M/RTX_Config.o
LOAD ./BUILD/kl25z/GCC_ARM/mbed-os/rtos/rtx5/TARGET_CORTEX_M/TARGET_M0P/TOOLCHAIN_GCC/irq_cm0.o
LOAD ./BUILD/kl25z/GCC_ARM/mbed-os/rtos/rtx5/TARGET_CORTEX_M/rt_OsEventObserver.o
LOAD ./BUILD/kl25z/GCC_ARM/mbed-os/rtos/rtx5/TARGET_CORTEX_M/rtx_delay.o
LOAD ./BUILD/kl25z/GCC_ARM/mbed-os/rtos/rtx5/TARGET_CORTEX_M/rtx_evflags.o
LOAD ./BUILD/kl25z/GCC_ARM/mbed-os/rtos/rtx5/TARGET_CORTEX_M/rtx_evr.o
LOAD ./BUILD/kl25z/GCC_ARM/mbed-os/rtos/rtx5/TARGET_CORTEX_M/rtx_kernel.o
LOAD ./BUILD/kl25z/GCC_ARM/mbed-os/rtos/rtx5/TARGET_CORTEX_M/rtx_lib.o
LOAD ./BUILD/kl25z/GCC_ARM/mbed-os/rtos/rtx5/TARGET_CORTEX_M/rtx_memory.o
LOAD ./BUILD/kl25z/GCC_ARM/mbed-os/rtos/rtx5/TARGET_CORTEX_M/rtx_mempool.o
LOAD ./BUILD/kl25z/GCC_ARM/mbed-os/rtos/rtx5/TARGET_CORTEX_M/rtx_msgqueue.o
LOAD ./BUILD/kl25z/GCC_ARM/mbed-os/rtos/rtx5/TARGET_CORTEX_M/rtx_mutex.o
LOAD ./BUILD/kl25z/GCC_ARM/mbed-os/rtos/rtx5/TARGET_CORTEX_M/rtx_semaphore.o
LOAD ./BUILD/kl25z/GCC_ARM/mbed-os/rtos/rtx5/TARGET_CORTEX_M/rtx_system.o
LOAD ./BUILD/kl25z/GCC_ARM/mbed-os/rtos/rtx5/TARGET_CORTEX_M/rtx_thread.o
LOAD ./BUILD/kl25z/GCC_ARM/mbed-os/rtos/rtx5/TARGET_CORTEX_M/rtx_timer.o
LOAD ./BUILD/kl25z/GCC_ARM/mbed-os/rtos/rtx5/mbed_rtx_handlers.o
LOAD ./BUILD/kl25z/GCC_ARM/mbed-os/targets/TARGET_Freescale/TARGET_KLXX/TARGET_KL25Z/PeripheralPins.o
LOAD ./BUILD/kl25z/GCC_ARM/mbed-os/targets/TARGET_Freescale/TARGET_KLXX/TARGET_KL25Z/device/TOOLCHAIN_GCC_ARM/startup_MKL25Z4.o
LOAD ./BUILD/kl25z/GCC_ARM/mbed-os/targets/TARGET_Freescale/TARGET_KLXX/TARGET_KL25Z/device/system_MKL25Z4.o
LOAD ./BUILD/kl25z/GCC_ARM/mbed-os/targets/TARGET_Freescale/TARGET_KLXX/TARGET_KL25Z/gpio_irq_api.o
LOAD ./BUILD/kl25z/GCC_ARM/mbed-os/targets/TARGET_Freescale/TARGET_KLXX/TARGET_KL25Z/mbed_overrides.o
LOAD ./BUILD/kl25z/GCC_ARM/mbed-os/targets/TARGET_Freescale/TARGET_KLXX/TARGET_KL25Z/serial_api.o
LOAD ./BUILD/kl25z/GCC_ARM/mbed-os/targets/TARGET_Freescale/TARGET_KLXX/TARGET_KL25Z/spi_api.o
LOAD ./BUILD/kl25z/GCC_ARM/mbed-os/targets/TARGET_Freescale/TARGET_KLXX/analogin_api.o
LOAD ./BUILD/kl25z/GCC_ARM/mbed-os/targets/TARGET_Freescale/TARGET_KLXX/analogout_api.o
LOAD ./BUILD/kl25z/GCC_ARM/mbed-os/targets/TARGET_Freescale/TARGET_KLXX/gpio_api.o
LOAD ./BUILD/kl25z/GCC_ARM/mbed-os/targets/TARGET_Freescale/TARGET_KLXX/i2c_api.o
LOAD ./BUILD/kl25z/GCC_ARM/mbed-os/targets/TARGET_Freescale/TARGET_KLXX/pinmap.o
LOAD ./BUILD/kl25z/GCC_ARM/mbed-os/targets/TARGET_Freescale/TARGET_KLXX/port_api.o
LOAD ./BUILD/kl25z/GCC_ARM/mbed-os/targets/TARGET_Freescale/TARGET_KLXX/pwmout_api.o
LOAD ./BUILD/kl25z/GCC_ARM/mbed-os/targets/TARGET_Freescale/TARGET_KLXX/rtc_api.o
LOAD ./BUILD/kl25z/GCC_ARM/mbed-os/targets/TARGET_Freescale/TARGET_KLXX/sleep.o
LOAD ./BUILD/kl25z/GCC_ARM/mbed-os/targets/TARGET_Freescale/TARGET_KLXX/us_ticker.o
START GROUP
LOAD /Users/evie/src/MBED/gcc-arm-none-eabi-6-2017-q1-update/bin/../lib/gcc/arm-none-eabi/6.3.1/../../../../arm-none-eabi/lib/thumb/v6-m/libstdc++.a
LOAD /Users/evie/src/MBED/gcc-arm-none-eabi-6-2017-q1-update/bin/../lib/gcc/arm-none-eabi/6.3.1/../../../../arm-none-eabi/lib/thumb/v6-m/libsupc++.a
LOAD /Users/evie/src/MBED/gcc-arm-none-eabi-6-2017-q1-update/bin/../lib/gcc/arm-none-eabi/6.3.1/../../../../arm-none-eabi/lib/thumb/v6-m/libm.a
LOAD /Users/evie/src/MBED/gcc-arm-none-eabi-6-2017-q1-update/bin/../lib/gcc/arm-none-eabi/6.3.1/../../../../arm-none-eabi/lib/thumb/v6-m/libc.a
LOAD /Users/evie/src/MBED/gcc-arm-none-eabi-6-2017-q1-update/bin/../lib/gcc/arm-none-eabi/6.3.1/thumb/v6-m/libgcc.a
LOAD /Users/evie/src/MBED/gcc-arm-none-eabi-6-2017-q1-update/bin/../lib/gcc/arm-none-eabi/6.3.1/../../../../arm-none-eabi/lib/thumb/v6-m/libnosys.a
END GROUP
LOAD /Users/evie/src/MBED/gcc-arm-none-eabi-6-2017-q1-update/bin/../lib/gcc/arm-none-eabi/6.3.1/../../../../arm-none-eabi/lib/thumb/v6-m/libstdc++.a
LOAD /Users/evie/src/MBED/gcc-arm-none-eabi-6-2017-q1-update/bin/../lib/gcc/arm-none-eabi/6.3.1/../../../../arm-none-eabi/lib/thumb/v6-m/libsupc++.a
LOAD /Users/evie/src/MBED/gcc-arm-none-eabi-6-2017-q1-update/bin/../lib/gcc/arm-none-eabi/6.3.1/../../../../arm-none-eabi/lib/thumb/v6-m/libm.a
LOAD /Users/evie/src/MBED/gcc-arm-none-eabi-6-2017-q1-update/bin/../lib/gcc/arm-none-eabi/6.3.1/../../../../arm-none-eabi/lib/thumb/v6-m/libc.a
LOAD /Users/evie/src/MBED/gcc-arm-none-eabi-6-2017-q1-update/bin/../lib/gcc/arm-none-eabi/6.3.1/thumb/v6-m/libgcc.a
LOAD /Users/evie/src/MBED/gcc-arm-none-eabi-6-2017-q1-update/bin/../lib/gcc/arm-none-eabi/6.3.1/../../../../arm-none-eabi/lib/thumb/v6-m/libnosys.a
START GROUP
LOAD /Users/evie/src/MBED/gcc-arm-none-eabi-6-2017-q1-update/bin/../lib/gcc/arm-none-eabi/6.3.1/thumb/v6-m/libgcc.a
LOAD /Users/evie/src/MBED/gcc-arm-none-eabi-6-2017-q1-update/bin/../lib/gcc/arm-none-eabi/6.3.1/../../../../arm-none-eabi/lib/thumb/v6-m/libc.a
END GROUP
LOAD /Users/evie/src/MBED/gcc-arm-none-eabi-6-2017-q1-update/bin/../lib/gcc/arm-none-eabi/6.3.1/thumb/v6-m/crtend.o
LOAD /Users/evie/src/MBED/gcc-arm-none-eabi-6-2017-q1-update/bin/../lib/gcc/arm-none-eabi/6.3.1/thumb/v6-m/crtn.o

.isr_vector     0x0000000000000000       0xf4
                0x0000000000000000                __vector_table = .
 *(.vector_table)
 .vector_table  0x0000000000000000       0xc0 ./BUILD/kl25z/GCC_ARM/mbed-os/targets/TARGET_Freescale/TARGET_KLXX/TARGET_KL25Z/device/TOOLCHAIN_GCC_ARM/startup_MKL25Z4.o
                0x0000000000000000                __isr_vector
 *(.text.Reset_Handler)
 .text.Reset_Handler
                0x00000000000000c0       0x34 ./BUILD/kl25z/GCC_ARM/mbed-os/targets/TARGET_Freescale/TARGET_KLXX/TARGET_KL25Z/device/TOOLCHAIN_GCC_ARM/startup_MKL25Z4.o
                0x00000000000000c0                Reset_Handler
 *(.text.System_Init)
                0x00000000000000f4                . = ALIGN (0x4)

.flash_protect  0x0000000000000400       0x10
 *(.kinetis_flash_config_field)
 .kinetis_flash_config_field
                0x0000000000000400       0x10 ./BUILD/kl25z/GCC_ARM/mbed-os/targets/TARGET_Freescale/TARGET_KLXX/TARGET_KL25Z/device/TOOLCHAIN_GCC_ARM/startup_MKL25Z4.o
                0x0000000000000410                . = ALIGN (0x4)

.text           0x0000000000000410    0x11374
 *(.text*)
 .text          0x0000000000000410       0x60 /Users/evie/src/MBED/gcc-arm-none-eabi-6-2017-q1-update/bin/../lib/gcc/arm-none-eabi/6.3.1/thumb/v6-m/crtbegin.o
 .text          0x0000000000000470       0x78 /Users/evie/src/MBED/gcc-arm-none-eabi-6-2017-q1-update/bin/../lib/gcc/arm-none-eabi/6.3.1/../../../../arm-none-eabi/lib/thumb/v6-m/crt0.o
                0x0000000000000470                _mainCRTStartup
                0x0000000000000470                _start
 .text.gpio_read
                0x00000000000004e8       0x2c ./BUILD/kl25z/GCC_ARM/./main.o
 .text._ZN4mbed9DigitalInC2E7PinName
                0x0000000000000514       0x1a ./BUILD/kl25z/GCC_ARM/./main.o
                0x0000000000000514                mbed::DigitalIn::DigitalIn(PinName)
                0x0000000000000514                mbed::DigitalIn::DigitalIn(PinName)
 *fill*         0x000000000000052e        0x2 
 .text._ZN4mbed10SerialBaseD2Ev
                0x0000000000000530       0x30 ./BUILD/kl25z/GCC_ARM/./main.o
                0x0000000000000530                mbed::SerialBase::~SerialBase()
                0x0000000000000530                mbed::SerialBase::~SerialBase()
 .text._ZN4mbed6SerialD2Ev
                0x0000000000000560       0x54 ./BUILD/kl25z/GCC_ARM/./main.o
                0x0000000000000560                mbed::Serial::~Serial()
                0x0000000000000560                mbed::Serial::~Serial()
                0x0000000000000594                non-virtual thunk to mbed::Serial::~Serial()
                0x00000000000005a4                non-virtual thunk to mbed::Serial::~Serial()
 .text._ZN4mbed10SerialBaseD0Ev
                0x00000000000005b4       0x12 ./BUILD/kl25z/GCC_ARM/./main.o
                0x00000000000005b4                mbed::SerialBase::~SerialBase()
 *fill*         0x00000000000005c6        0x2 
 .text._Z10event_nextv
                0x00000000000005c8       0x70 ./BUILD/kl25z/GCC_ARM/./main.o
                0x00000000000005c8                event_next()
 .text._Z11event_enterv
                0x0000000000000638       0x50 ./BUILD/kl25z/GCC_ARM/./main.o
                0x0000000000000638                event_enter()
 .text.startup.main
                0x0000000000000688      0x190 ./BUILD/kl25z/GCC_ARM/./main.o
                0x0000000000000688                main
 .text._ZN4mbed6SerialD0Ev
                0x0000000000000818       0x34 ./BUILD/kl25z/GCC_ARM/./main.o
                0x0000000000000818                mbed::Serial::~Serial()
                0x000000000000082a                non-virtual thunk to mbed::Serial::~Serial()
                0x000000000000083c                non-virtual thunk to mbed::Serial::~Serial()
 .text.startup._GLOBAL__sub_I_pc
                0x000000000000084c       0x7c ./BUILD/kl25z/GCC_ARM/./main.o
 .text._ZN12SingletonPtrIN4rtos5MutexEE3getEv
                0x00000000000008c8       0x50 ./BUILD/kl25z/GCC_ARM/mbed-os/drivers/I2C.o
                0x00000000000008c8                SingletonPtr<rtos::Mutex>::get()
 .text._ZN4mbed8CallbackIFvvEE13function_callIPS1_EEvPKv
                0x0000000000000918        0x8 ./BUILD/kl25z/GCC_ARM/mbed-os/drivers/InterruptIn.o
                0x0000000000000918                void mbed::Callback<void ()>::function_call<void (*)()>(void const*)
 .text._ZN4mbed8CallbackIFvvEE13function_moveIPS1_EEvPvPKv
                0x0000000000000920        0xa ./BUILD/kl25z/GCC_ARM/mbed-os/drivers/InterruptIn.o
                0x0000000000000920                void mbed::Callback<void ()>::function_move<void (*)()>(void*, void const*)
 .text._ZN4mbed8CallbackIFvvEE13function_dtorIPS1_EEvPv
                0x000000000000092a        0x2 ./BUILD/kl25z/GCC_ARM/mbed-os/drivers/InterruptIn.o
                0x000000000000092a                void mbed::Callback<void ()>::function_dtor<void (*)()>(void*)
 .text._ZN4mbed8CallbackIFvvEED2Ev
                0x000000000000092c       0x12 ./BUILD/kl25z/GCC_ARM/mbed-os/drivers/InterruptIn.o
                0x000000000000092c                mbed::Callback<void ()>::~Callback()
                0x000000000000092c                mbed::Callback<void ()>::~Callback()
 .text._ZN4mbed8CallbackIFvvEEaSERKS2_
                0x000000000000093e       0x28 ./BUILD/kl25z/GCC_ARM/mbed-os/drivers/InterruptIn.o
                0x000000000000093e                mbed::Callback<void ()>::operator=(mbed::Callback<void ()> const&)
 .text._ZN4mbed10FileHandle5lseekEli
                0x0000000000000966        0xa ./BUILD/kl25z/GCC_ARM/mbed-os/drivers/Serial.o
                0x0000000000000966                mbed::FileHandle::lseek(long, int)
 .text._ZN4mbed10FileHandle5fsyncEv
                0x0000000000000970        0xa ./BUILD/kl25z/GCC_ARM/mbed-os/drivers/Serial.o
                0x0000000000000970                mbed::FileHandle::fsync()
 .text._ZN4mbed10FileHandle4flenEv
                0x000000000000097a        0xa ./BUILD/kl25z/GCC_ARM/mbed-os/drivers/Serial.o
                0x000000000000097a                mbed::FileHandle::flen()
 .text._ZN4mbed10FileHandle12set_blockingEb
                0x0000000000000984        0x6 ./BUILD/kl25z/GCC_ARM/mbed-os/drivers/Serial.o
                0x0000000000000984                mbed::FileHandle::set_blocking(bool)
 .text._ZNK4mbed10FileHandle4pollEs
                0x000000000000098a        0x4 ./BUILD/kl25z/GCC_ARM/mbed-os/drivers/Serial.o
                0x000000000000098a                mbed::FileHandle::poll(short) const
 .text._ZN4mbed10FileHandle5sigioENS_8CallbackIFvvEEE
                0x000000000000098e        0x2 ./BUILD/kl25z/GCC_ARM/mbed-os/drivers/Serial.o
                0x000000000000098e                mbed::FileHandle::sigio(mbed::Callback<void ()>)
 .text._ZN4mbed6Serial5_getcEv
                0x0000000000000990        0x8 ./BUILD/kl25z/GCC_ARM/mbed-os/drivers/Serial.o
                0x0000000000000990                mbed::Serial::_getc()
 .text._ZThn48_N4mbed6Serial5_getcEv
                0x0000000000000998       0x10 ./BUILD/kl25z/GCC_ARM/mbed-os/drivers/Serial.o
                0x0000000000000998                non-virtual thunk to mbed::Serial::_getc()
 .text._ZN4mbed6Serial5_putcEi
                0x00000000000009a8        0x8 ./BUILD/kl25z/GCC_ARM/mbed-os/drivers/Serial.o
                0x00000000000009a8                mbed::Serial::_putc(int)
 .text._ZThn48_N4mbed6Serial5_putcEi
                0x00000000000009b0       0x10 ./BUILD/kl25z/GCC_ARM/mbed-os/drivers/Serial.o
                0x00000000000009b0                non-virtual thunk to mbed::Serial::_putc(int)
 .text._ZN4mbed6Serial4lockEv
                0x00000000000009c0        0xe ./BUILD/kl25z/GCC_ARM/mbed-os/drivers/Serial.o
                0x00000000000009c0                mbed::Serial::lock()
 *fill*         0x00000000000009ce        0x2 
 .text._ZThn48_N4mbed6Serial4lockEv
                0x00000000000009d0       0x10 ./BUILD/kl25z/GCC_ARM/mbed-os/drivers/Serial.o
                0x00000000000009d0                non-virtual thunk to mbed::Serial::lock()
 .text._ZN4mbed6Serial6unlockEv
                0x00000000000009e0        0xa ./BUILD/kl25z/GCC_ARM/mbed-os/drivers/Serial.o
                0x00000000000009e0                mbed::Serial::unlock()
 *fill*         0x00000000000009ea        0x2 
 .text._ZThn48_N4mbed6Serial6unlockEv
                0x00000000000009ec       0x10 ./BUILD/kl25z/GCC_ARM/mbed-os/drivers/Serial.o
                0x00000000000009ec                non-virtual thunk to mbed::Serial::unlock()
 .text._ZN4mbed6SerialC2E7PinNameS1_PKci
                0x00000000000009fc       0x38 ./BUILD/kl25z/GCC_ARM/mbed-os/drivers/Serial.o
                0x00000000000009fc                mbed::Serial::Serial(PinName, PinName, char const*, int)
                0x00000000000009fc                mbed::Serial::Serial(PinName, PinName, char const*, int)
 .text._ZN4mbedL9donothingEv
                0x0000000000000a34        0x2 ./BUILD/kl25z/GCC_ARM/mbed-os/drivers/SerialBase.o
 .text._ZN4mbed10SerialBase4lockEv
                0x0000000000000a36        0x2 ./BUILD/kl25z/GCC_ARM/mbed-os/drivers/SerialBase.o
                0x0000000000000a36                mbed::SerialBase::lock()
 .text._ZN4mbed10SerialBase6unlockEv
                0x0000000000000a38        0x2 ./BUILD/kl25z/GCC_ARM/mbed-os/drivers/SerialBase.o
                0x0000000000000a38                mbed::SerialBase::unlock()
 *fill*         0x0000000000000a3a        0x2 
 .text._ZN4mbed10SerialBase12_irq_handlerEm9SerialIrq
                0x0000000000000a3c       0x34 ./BUILD/kl25z/GCC_ARM/mbed-os/drivers/SerialBase.o
                0x0000000000000a3c                mbed::SerialBase::_irq_handler(unsigned long, SerialIrq)
 .text._ZN4mbed10SerialBase10_base_getcEv
                0x0000000000000a70        0xa ./BUILD/kl25z/GCC_ARM/mbed-os/drivers/SerialBase.o
                0x0000000000000a70                mbed::SerialBase::_base_getc()
 .text._ZN4mbed10SerialBase10_base_putcEi
                0x0000000000000a7a        0xe ./BUILD/kl25z/GCC_ARM/mbed-os/drivers/SerialBase.o
                0x0000000000000a7a                mbed::SerialBase::_base_putc(int)
 .text._ZN4mbed10SerialBaseC2E7PinNameS1_i
                0x0000000000000a88       0x7c ./BUILD/kl25z/GCC_ARM/mbed-os/drivers/SerialBase.o
                0x0000000000000a88                mbed::SerialBase::SerialBase(PinName, PinName, int)
                0x0000000000000a88                mbed::SerialBase::SerialBase(PinName, PinName, int)
 .text._ZN4mbed5Timer5startEv
                0x0000000000000b04       0x22 ./BUILD/kl25z/GCC_ARM/mbed-os/drivers/Timer.o
                0x0000000000000b04                mbed::Timer::start()
 .text._ZN4mbed5Timer9slicetimeEv
                0x0000000000000b26       0x2e ./BUILD/kl25z/GCC_ARM/mbed-os/drivers/Timer.o
                0x0000000000000b26                mbed::Timer::slicetime()
 .text._ZN4mbed5Timer23read_high_resolution_usEv
                0x0000000000000b54       0x20 ./BUILD/kl25z/GCC_ARM/mbed-os/drivers/Timer.o
                0x0000000000000b54                mbed::Timer::read_high_resolution_us()
 .text._ZN4mbed5Timer7read_msEv
                0x0000000000000b74       0x12 ./BUILD/kl25z/GCC_ARM/mbed-os/drivers/Timer.o
                0x0000000000000b74                mbed::Timer::read_ms()
 .text._ZN4mbed5Timer5resetEv
                0x0000000000000b86       0x20 ./BUILD/kl25z/GCC_ARM/mbed-os/drivers/Timer.o
                0x0000000000000b86                mbed::Timer::reset()
 .text._ZN4mbed5TimerC2Ev
                0x0000000000000ba6       0x24 ./BUILD/kl25z/GCC_ARM/mbed-os/drivers/Timer.o
                0x0000000000000ba6                mbed::Timer::Timer()
                0x0000000000000ba6                mbed::Timer::Timer()
 .text._ZN4mbed10FileHandle4tellEv
                0x0000000000000bca        0xe ./BUILD/kl25z/GCC_ARM/mbed-os/drivers/UARTSerial.o
                0x0000000000000bca                mbed::FileHandle::tell()
 .text._ZN4mbed10FileHandle6rewindEv
                0x0000000000000bd8        0xe ./BUILD/kl25z/GCC_ARM/mbed-os/drivers/UARTSerial.o
                0x0000000000000bd8                mbed::FileHandle::rewind()
 *fill*         0x0000000000000be6        0x2 
 .text.gpio_write
                0x0000000000000be8       0x30 ./BUILD/kl25z/GCC_ARM/mbed-os/hal/mbed_gpio.o
 .text._gpio_init_in
                0x0000000000000c18       0x22 ./BUILD/kl25z/GCC_ARM/mbed-os/hal/mbed_gpio.o
 .text.gpio_init_in
                0x0000000000000c3a        0xa ./BUILD/kl25z/GCC_ARM/mbed-os/hal/mbed_gpio.o
                0x0000000000000c3a                gpio_init_in
 .text.gpio_init_out_ex
                0x0000000000000c44       0x2a ./BUILD/kl25z/GCC_ARM/mbed-os/hal/mbed_gpio.o
                0x0000000000000c44                gpio_init_out_ex
 .text.gpio_init_out
                0x0000000000000c6e        0xa ./BUILD/kl25z/GCC_ARM/mbed-os/hal/mbed_gpio.o
                0x0000000000000c6e                gpio_init_out
 .text.pinmap_pinout
                0x0000000000000c78       0x38 ./BUILD/kl25z/GCC_ARM/mbed-os/hal/mbed_pinmap_common.o
                0x0000000000000c78                pinmap_pinout
 .text.pinmap_merge
                0x0000000000000cb0       0x24 ./BUILD/kl25z/GCC_ARM/mbed-os/hal/mbed_pinmap_common.o
                0x0000000000000cb0                pinmap_merge
 .text.pinmap_find_peripheral
                0x0000000000000cd4       0x18 ./BUILD/kl25z/GCC_ARM/mbed-os/hal/mbed_pinmap_common.o
                0x0000000000000cd4                pinmap_find_peripheral
 .text.pinmap_peripheral
                0x0000000000000cec       0x20 ./BUILD/kl25z/GCC_ARM/mbed-os/hal/mbed_pinmap_common.o
                0x0000000000000cec                pinmap_peripheral
 .text.update_present_time
                0x0000000000000d0c       0x24 ./BUILD/kl25z/GCC_ARM/mbed-os/hal/mbed_ticker_api.o
 .text.schedule_interrupt
                0x0000000000000d30       0x50 ./BUILD/kl25z/GCC_ARM/mbed-os/hal/mbed_ticker_api.o
 .text.ticker_irq_handler
                0x0000000000000d80       0x46 ./BUILD/kl25z/GCC_ARM/mbed-os/hal/mbed_ticker_api.o
                0x0000000000000d80                ticker_irq_handler
 .text.ticker_read_us
                0x0000000000000dc6       0x10 ./BUILD/kl25z/GCC_ARM/mbed-os/hal/mbed_ticker_api.o
                0x0000000000000dc6                ticker_read_us
 *fill*         0x0000000000000dd6        0x2 
 .text.get_us_ticker_data
                0x0000000000000dd8        0x8 ./BUILD/kl25z/GCC_ARM/mbed-os/hal/mbed_us_ticker_api.o
                0x0000000000000dd8                get_us_ticker_data
 .text.us_ticker_irq_handler
                0x0000000000000de0       0x10 ./BUILD/kl25z/GCC_ARM/mbed-os/hal/mbed_us_ticker_api.o
                0x0000000000000de0                us_ticker_irq_handler
 .text._ZN4mbed8FileBase11getPathTypeEv
                0x0000000000000df0        0x4 ./BUILD/kl25z/GCC_ARM/mbed-os/platform/FileBase.o
                0x0000000000000df0                mbed::FileBase::getPathType()
 .text._ZN4mbed8FileBaseC2EPKcNS_8PathTypeE
                0x0000000000000df4       0x50 ./BUILD/kl25z/GCC_ARM/mbed-os/platform/FileBase.o
                0x0000000000000df4                mbed::FileBase::FileBase(char const*, mbed::PathType)
                0x0000000000000df4                mbed::FileBase::FileBase(char const*, mbed::PathType)
 .text._ZN4mbed8FileBaseD2Ev
                0x0000000000000e44       0x60 ./BUILD/kl25z/GCC_ARM/mbed-os/platform/FileBase.o
                0x0000000000000e44                mbed::FileBase::~FileBase()
                0x0000000000000e44                mbed::FileBase::~FileBase()
 .text._ZN4mbed8FileBaseD0Ev
                0x0000000000000ea4       0x12 ./BUILD/kl25z/GCC_ARM/mbed-os/platform/FileBase.o
                0x0000000000000ea4                mbed::FileBase::~FileBase()
 *fill*         0x0000000000000eb6        0x2 
 .text._ZN4mbed8FileBase6lookupEPKcj
                0x0000000000000eb8       0x54 ./BUILD/kl25z/GCC_ARM/mbed-os/platform/FileBase.o
                0x0000000000000eb8                mbed::FileBase::lookup(char const*, unsigned int)
 .text._ZN4mbed10FileHandle4syncEv
                0x0000000000000f0c        0x4 ./BUILD/kl25z/GCC_ARM/mbed-os/platform/FileHandle.o
                0x0000000000000f0c                mbed::FileHandle::sync()
 .text._ZN4mbed10FileHandle6isattyEv
                0x0000000000000f10        0x4 ./BUILD/kl25z/GCC_ARM/mbed-os/platform/FileHandle.o
                0x0000000000000f10                mbed::FileHandle::isatty()
 .text._ZN4mbed10FileHandle4sizeEv
                0x0000000000000f14       0x32 ./BUILD/kl25z/GCC_ARM/mbed-os/platform/FileHandle.o
                0x0000000000000f14                mbed::FileHandle::size()
 .text._ZN4mbed6fdopenEPNS_10FileHandleEPKc
                0x0000000000000f46        0x8 ./BUILD/kl25z/GCC_ARM/mbed-os/platform/FileHandle.o
                0x0000000000000f46                mbed::fdopen(mbed::FileHandle*, char const*)
 .text._ZN4mbed8FilePathC2EPKc
                0x0000000000000f4e       0x3e ./BUILD/kl25z/GCC_ARM/mbed-os/platform/FilePath.o
                0x0000000000000f4e                mbed::FilePath::FilePath(char const*)
                0x0000000000000f4e                mbed::FilePath::FilePath(char const*)
 .text._ZN4mbed8FilePath8fileNameEv
                0x0000000000000f8c        0x4 ./BUILD/kl25z/GCC_ARM/mbed-os/platform/FilePath.o
                0x0000000000000f8c                mbed::FilePath::fileName()
 .text._ZN4mbed8FilePath12isFileSystemEv
                0x0000000000000f90       0x16 ./BUILD/kl25z/GCC_ARM/mbed-os/platform/FilePath.o
                0x0000000000000f90                mbed::FilePath::isFileSystem()
 .text._ZN4mbed8FilePath10fileSystemEv
                0x0000000000000fa6       0x18 ./BUILD/kl25z/GCC_ARM/mbed-os/platform/FilePath.o
                0x0000000000000fa6                mbed::FilePath::fileSystem()
 .text._ZN4mbed8FilePath6isFileEv
                0x0000000000000fbe       0x14 ./BUILD/kl25z/GCC_ARM/mbed-os/platform/FilePath.o
                0x0000000000000fbe                mbed::FilePath::isFile()
 .text._ZN4mbed8FilePath4fileEv
                0x0000000000000fd2       0x18 ./BUILD/kl25z/GCC_ARM/mbed-os/platform/FilePath.o
                0x0000000000000fd2                mbed::FilePath::file()
 .text._ZN4mbed8FilePath6existsEv
                0x0000000000000fea        0xa ./BUILD/kl25z/GCC_ARM/mbed-os/platform/FilePath.o
                0x0000000000000fea                mbed::FilePath::exists()
 .text._ZN4mbed6Stream4lockEv
                0x0000000000000ff4        0x2 ./BUILD/kl25z/GCC_ARM/mbed-os/platform/Stream.o
                0x0000000000000ff4                mbed::Stream::lock()
 .text._ZN4mbed6Stream6unlockEv
                0x0000000000000ff6        0x2 ./BUILD/kl25z/GCC_ARM/mbed-os/platform/Stream.o
                0x0000000000000ff6                mbed::Stream::unlock()
 .text._ZN4mbed6Stream5writeEPKvj
                0x0000000000000ff8       0x36 ./BUILD/kl25z/GCC_ARM/mbed-os/platform/Stream.o
                0x0000000000000ff8                mbed::Stream::write(void const*, unsigned int)
 .text._ZN4mbed6Stream4readEPvj
                0x000000000000102e       0x32 ./BUILD/kl25z/GCC_ARM/mbed-os/platform/Stream.o
                0x000000000000102e                mbed::Stream::read(void*, unsigned int)
 .text._ZN4mbed6Stream4seekEli
                0x0000000000001060        0x4 ./BUILD/kl25z/GCC_ARM/mbed-os/platform/Stream.o
                0x0000000000001060                mbed::Stream::seek(long, int)
 .text._ZN4mbed6Stream6rewindEv
                0x0000000000001064        0x2 ./BUILD/kl25z/GCC_ARM/mbed-os/platform/Stream.o
                0x0000000000001064                mbed::Stream::rewind()
 .text._ZN4mbed6Stream4syncEv
                0x0000000000001066        0x4 ./BUILD/kl25z/GCC_ARM/mbed-os/platform/Stream.o
                0x0000000000001066                mbed::Stream::close()
                0x0000000000001066                mbed::Stream::isatty()
                0x0000000000001066                mbed::Stream::sync()
 .text._ZN4mbed6Stream4sizeEv
                0x000000000000106a        0x4 ./BUILD/kl25z/GCC_ARM/mbed-os/platform/Stream.o
                0x000000000000106a                mbed::Stream::size()
                0x000000000000106a                mbed::Stream::tell()
 *fill*         0x000000000000106e        0x2 
 .text._ZN4mbed8FileLikeD2Ev
                0x0000000000001070       0x30 ./BUILD/kl25z/GCC_ARM/mbed-os/platform/Stream.o
                0x0000000000001070                mbed::FileLike::~FileLike()
                0x0000000000001070                mbed::FileLike::~FileLike()
                0x0000000000001090                non-virtual thunk to mbed::FileLike::~FileLike()
 .text._ZN4mbed8FileLikeD0Ev
                0x00000000000010a0       0x24 ./BUILD/kl25z/GCC_ARM/mbed-os/platform/Stream.o
                0x00000000000010a0                mbed::FileLike::~FileLike()
                0x00000000000010b2                non-virtual thunk to mbed::FileLike::~FileLike()
 .text._ZN4mbed6StreamC2EPKc
                0x00000000000010c4       0x54 ./BUILD/kl25z/GCC_ARM/mbed-os/platform/Stream.o
                0x00000000000010c4                mbed::Stream::Stream(char const*)
                0x00000000000010c4                mbed::Stream::Stream(char const*)
 .text._ZN4mbed6StreamD2Ev
                0x0000000000001118       0x24 ./BUILD/kl25z/GCC_ARM/mbed-os/platform/Stream.o
                0x0000000000001118                mbed::Stream::~Stream()
                0x0000000000001118                mbed::Stream::~Stream()
 .text._ZN4mbed6Stream6printfEPKcz
                0x000000000000113c       0x36 ./BUILD/kl25z/GCC_ARM/mbed-os/platform/Stream.o
                0x000000000000113c                mbed::Stream::printf(char const*, ...)
 .text.__wrap__malloc_r
                0x0000000000001172        0x8 ./BUILD/kl25z/GCC_ARM/mbed-os/platform/mbed_alloc_wrappers.o
                0x0000000000001172                __wrap__malloc_r
 .text.__wrap__realloc_r
                0x000000000000117a        0x8 ./BUILD/kl25z/GCC_ARM/mbed-os/platform/mbed_alloc_wrappers.o
                0x000000000000117a                __wrap__realloc_r
 .text.__wrap__free_r
                0x0000000000001182        0x8 ./BUILD/kl25z/GCC_ARM/mbed-os/platform/mbed_alloc_wrappers.o
                0x0000000000001182                __wrap__free_r
 .text.__wrap__calloc_r
                0x000000000000118a        0x8 ./BUILD/kl25z/GCC_ARM/mbed-os/platform/mbed_alloc_wrappers.o
                0x000000000000118a                __wrap__calloc_r
 *fill*         0x0000000000001192        0x2 
 .text.mbed_assert_internal
                0x0000000000001194       0x24 ./BUILD/kl25z/GCC_ARM/mbed-os/platform/mbed_assert.o
                0x0000000000001194                mbed_assert_internal
 .text.mbed_die
                0x00000000000011b8       0x64 ./BUILD/kl25z/GCC_ARM/mbed-os/platform/mbed_board.o
                0x00000000000011b8                mbed_die
 .text.mbed_error_vfprintf
                0x000000000000121c       0x54 ./BUILD/kl25z/GCC_ARM/mbed-os/platform/mbed_board.o
                0x000000000000121c                mbed_error_vfprintf
 .text.mbed_error_printf
                0x0000000000001270       0x16 ./BUILD/kl25z/GCC_ARM/mbed-os/platform/mbed_board.o
                0x0000000000001270                mbed_error_printf
 .text.core_util_are_interrupts_enabled
                0x0000000000001286        0xa ./BUILD/kl25z/GCC_ARM/mbed-os/platform/mbed_critical.o
                0x0000000000001286                core_util_are_interrupts_enabled
 .text.core_util_critical_section_enter
                0x0000000000001290       0x5c ./BUILD/kl25z/GCC_ARM/mbed-os/platform/mbed_critical.o
                0x0000000000001290                core_util_critical_section_enter
 .text.core_util_critical_section_exit
                0x00000000000012ec       0x44 ./BUILD/kl25z/GCC_ARM/mbed-os/platform/mbed_critical.o
                0x00000000000012ec                core_util_critical_section_exit
 .text.error    0x0000000000001330       0x2c ./BUILD/kl25z/GCC_ARM/mbed-os/platform/mbed_error.o
                0x0000000000001330                error
 .text.mbed_interface_connected
                0x000000000000135c        0x8 ./BUILD/kl25z/GCC_ARM/mbed-os/platform/mbed_interface.o
                0x000000000000135c                mbed_interface_connected
 .text._ZL11init_serialv
                0x0000000000001364       0x2c ./BUILD/kl25z/GCC_ARM/mbed-os/platform/mbed_retarget.o
 .text._close   0x0000000000001390       0x40 ./BUILD/kl25z/GCC_ARM/mbed-os/platform/mbed_retarget.o
                0x0000000000001390                _close
 .text._write   0x00000000000013d0       0x64 ./BUILD/kl25z/GCC_ARM/mbed-os/platform/mbed_retarget.o
                0x00000000000013d0                _write
 .text._read    0x0000000000001434       0x5c ./BUILD/kl25z/GCC_ARM/mbed-os/platform/mbed_retarget.o
                0x0000000000001434                _read
 .text._isatty  0x0000000000001490       0x3c ./BUILD/kl25z/GCC_ARM/mbed-os/platform/mbed_retarget.o
                0x0000000000001490                _isatty
 .text._lseek   0x00000000000014cc       0x44 ./BUILD/kl25z/GCC_ARM/mbed-os/platform/mbed_retarget.o
                0x00000000000014cc                _lseek
 .text._fstat   0x0000000000001510       0x1e ./BUILD/kl25z/GCC_ARM/mbed-os/platform/mbed_retarget.o
                0x0000000000001510                _fstat
 .text.__cxa_pure_virtual
                0x000000000000152e        0x8 ./BUILD/kl25z/GCC_ARM/mbed-os/platform/mbed_retarget.o
                0x000000000000152e                __cxa_pure_virtual
 *fill*         0x0000000000001536        0x2 
 .text._sbrk    0x0000000000001538       0x44 ./BUILD/kl25z/GCC_ARM/mbed-os/platform/mbed_retarget.o
                0x0000000000001538                _sbrk
 .text._exit    0x000000000000157c       0x30 ./BUILD/kl25z/GCC_ARM/mbed-os/platform/mbed_retarget.o
                0x000000000000157c                _exit
 .text.__aeabi_atexit
                0x00000000000015ac        0x4 ./BUILD/kl25z/GCC_ARM/mbed-os/platform/mbed_retarget.o
                0x00000000000015ac                __aeabi_atexit
 .text.__wrap_exit
                0x00000000000015b0        0x6 ./BUILD/kl25z/GCC_ARM/mbed-os/platform/mbed_retarget.o
                0x00000000000015b0                __wrap_exit
 .text.__wrap_atexit
                0x00000000000015b6        0x4 ./BUILD/kl25z/GCC_ARM/mbed-os/platform/mbed_retarget.o
                0x00000000000015b6                __wrap_atexit
 .text._ZN4mbed26mbed_set_unbuffered_streamEP7__sFILE
                0x00000000000015ba        0xa ./BUILD/kl25z/GCC_ARM/mbed-os/platform/mbed_retarget.o
                0x00000000000015ba                mbed::mbed_set_unbuffered_stream(__sFILE*)
 .text._ZN4mbed11mbed_fdopenEPNS_10FileHandleEPKc
                0x00000000000015c4       0x3c ./BUILD/kl25z/GCC_ARM/mbed-os/platform/mbed_retarget.o
                0x00000000000015c4                mbed::mbed_fdopen(mbed::FileHandle*, char const*)
 .text.__malloc_lock
                0x0000000000001600        0x8 ./BUILD/kl25z/GCC_ARM/mbed-os/platform/mbed_retarget.o
                0x0000000000001600                __malloc_lock
 .text.__malloc_unlock
                0x0000000000001608        0x8 ./BUILD/kl25z/GCC_ARM/mbed-os/platform/mbed_retarget.o
                0x0000000000001608                __malloc_unlock
 .text._ZdaPv   0x0000000000001610        0xc ./BUILD/kl25z/GCC_ARM/mbed-os/platform/mbed_retarget.o
                0x0000000000001610                operator delete[](void*)
 .text._ZdlPv   0x000000000000161c        0x8 ./BUILD/kl25z/GCC_ARM/mbed-os/platform/mbed_retarget.o
                0x000000000000161c                operator delete(void*)
 .text._ZN4mbed17remove_filehandleEPNS_10FileHandleE
                0x0000000000001624       0x40 ./BUILD/kl25z/GCC_ARM/mbed-os/platform/mbed_retarget.o
                0x0000000000001624                mbed::remove_filehandle(mbed::FileHandle*)
 .text._open    0x0000000000001664      0x140 ./BUILD/kl25z/GCC_ARM/mbed-os/platform/mbed_retarget.o
                0x0000000000001664                _open
 .text.semihost_exit
                0x00000000000017a4       0x16 ./BUILD/kl25z/GCC_ARM/mbed-os/platform/mbed_semihost_api.o
                0x00000000000017a4                semihost_exit
 *fill*         0x00000000000017ba        0x2 
 .text.semihost_connected
                0x00000000000017bc        0xc ./BUILD/kl25z/GCC_ARM/mbed-os/platform/mbed_semihost_api.o
                0x00000000000017bc                semihost_connected
 .text.wait_us  0x00000000000017c8       0x34 ./BUILD/kl25z/GCC_ARM/mbed-os/platform/mbed_wait_api_rtos.o
                0x00000000000017c8                wait_us
 .text.wait_ms  0x00000000000017fc        0xe ./BUILD/kl25z/GCC_ARM/mbed-os/platform/mbed_wait_api_rtos.o
                0x00000000000017fc                wait_ms
 *fill*         0x000000000000180a        0x2 
 .text._ZN4rtos5Mutex11constructorEPKc
                0x000000000000180c       0x58 ./BUILD/kl25z/GCC_ARM/mbed-os/rtos/Mutex.o
                0x000000000000180c                rtos::Mutex::constructor(char const*)
 .text._ZN4rtos5MutexC2Ev
                0x0000000000001864        0xe ./BUILD/kl25z/GCC_ARM/mbed-os/rtos/Mutex.o
                0x0000000000001864                rtos::Mutex::Mutex()
                0x0000000000001864                rtos::Mutex::Mutex()
 .text._ZN4rtos5Mutex4lockEm
                0x0000000000001872        0xa ./BUILD/kl25z/GCC_ARM/mbed-os/rtos/Mutex.o
                0x0000000000001872                rtos::Mutex::lock(unsigned long)
 .text._ZN4rtos5Mutex6unlockEv
                0x000000000000187c        0xa ./BUILD/kl25z/GCC_ARM/mbed-os/rtos/Mutex.o
                0x000000000000187c                rtos::Mutex::unlock()
 .text._ZN4rtos5MutexD2Ev
                0x0000000000001886        0xe ./BUILD/kl25z/GCC_ARM/mbed-os/rtos/Mutex.o
                0x0000000000001886                rtos::Mutex::~Mutex()
                0x0000000000001886                rtos::Mutex::~Mutex()
 .text._ZN4rtos6Thread4waitEm
                0x0000000000001894        0x8 ./BUILD/kl25z/GCC_ARM/mbed-os/rtos/Thread.o
                0x0000000000001894                rtos::Thread::wait(unsigned long)
 .text.pre_main
                0x000000000000189c       0x88 ./BUILD/kl25z/GCC_ARM/mbed-os/rtos/mbed_boot.o
                0x000000000000189c                pre_main
 .text.mbed_set_stack_heap
                0x0000000000001924       0x40 ./BUILD/kl25z/GCC_ARM/mbed-os/rtos/mbed_boot.o
                0x0000000000001924                mbed_set_stack_heap
 .text.mbed_main
                0x0000000000001964        0x2 ./BUILD/kl25z/GCC_ARM/mbed-os/rtos/mbed_boot.o
                0x0000000000001964                mbed_main
 .text.mbed_sdk_init
                0x0000000000001966        0x2 ./BUILD/kl25z/GCC_ARM/mbed-os/rtos/mbed_boot.o
                0x0000000000001966                mbed_sdk_init
 .text.mbed_start_main
                0x0000000000001968       0x50 ./BUILD/kl25z/GCC_ARM/mbed-os/rtos/mbed_boot.o
                0x0000000000001968                mbed_start_main
 .text.__wrap_main
                0x00000000000019b8        0xc ./BUILD/kl25z/GCC_ARM/mbed-os/rtos/mbed_boot.o
                0x00000000000019b8                __wrap_main
 .text.software_init_hook
                0x00000000000019c4       0x34 ./BUILD/kl25z/GCC_ARM/mbed-os/rtos/mbed_boot.o
                0x00000000000019c4                software_init_hook
 .text.__rtos_malloc_lock
                0x00000000000019f8       0x14 ./BUILD/kl25z/GCC_ARM/mbed-os/rtos/mbed_boot.o
                0x00000000000019f8                __rtos_malloc_lock
 .text.__rtos_malloc_unlock
                0x0000000000001a0c       0x10 ./BUILD/kl25z/GCC_ARM/mbed-os/rtos/mbed_boot.o
                0x0000000000001a0c                __rtos_malloc_unlock
 .text.default_idle_hook
                0x0000000000001a1c        0x8 ./BUILD/kl25z/GCC_ARM/mbed-os/rtos/rtos_idle.o
 .text.rtos_idle_loop
                0x0000000000001a24       0x10 ./BUILD/kl25z/GCC_ARM/mbed-os/rtos/rtos_idle.o
                0x0000000000001a24                rtos_idle_loop
 .text          0x0000000000001a34       0x98 ./BUILD/kl25z/GCC_ARM/mbed-os/rtos/rtx5/TARGET_CORTEX_M/TARGET_M0P/TOOLCHAIN_GCC/irq_cm0.o
                0x0000000000001a34                SVC_Handler
                0x0000000000001aaa                PendSV_Handler
                0x0000000000001ab6                SysTick_Handler
 .text.svcRtxDelay
                0x0000000000001acc       0x10 ./BUILD/kl25z/GCC_ARM/mbed-os/rtos/rtx5/TARGET_CORTEX_M/rtx_delay.o
                0x0000000000001acc                svcRtxDelay
 .text.osDelay  0x0000000000001adc       0x34 ./BUILD/kl25z/GCC_ARM/mbed-os/rtos/rtx5/TARGET_CORTEX_M/rtx_delay.o
                0x0000000000001adc                osDelay
 .text.EvrRtxMemoryInit
                0x0000000000001b10        0x2 ./BUILD/kl25z/GCC_ARM/mbed-os/rtos/rtx5/TARGET_CORTEX_M/rtx_evr.o
                0x0000000000001b10                EvrRtxMemoryInit
 .text.EvrRtxMemoryAlloc
                0x0000000000001b12        0x2 ./BUILD/kl25z/GCC_ARM/mbed-os/rtos/rtx5/TARGET_CORTEX_M/rtx_evr.o
                0x0000000000001b12                EvrRtxMemoryAlloc
 .text.EvrRtxMemoryFree
                0x0000000000001b14        0x2 ./BUILD/kl25z/GCC_ARM/mbed-os/rtos/rtx5/TARGET_CORTEX_M/rtx_evr.o
                0x0000000000001b14                EvrRtxMemoryFree
 .text.EvrRtxMemoryBlockInit
                0x0000000000001b16        0x2 ./BUILD/kl25z/GCC_ARM/mbed-os/rtos/rtx5/TARGET_CORTEX_M/rtx_evr.o
                0x0000000000001b16                EvrRtxMemoryBlockInit
 .text.EvrRtxMemoryBlockAlloc
                0x0000000000001b18        0x2 ./BUILD/kl25z/GCC_ARM/mbed-os/rtos/rtx5/TARGET_CORTEX_M/rtx_evr.o
                0x0000000000001b18                EvrRtxMemoryBlockAlloc
 .text.EvrRtxMemoryBlockFree
                0x0000000000001b1a        0x2 ./BUILD/kl25z/GCC_ARM/mbed-os/rtos/rtx5/TARGET_CORTEX_M/rtx_evr.o
                0x0000000000001b1a                EvrRtxMemoryBlockFree
 .text.EvrRtxKernelError
                0x0000000000001b1c        0x2 ./BUILD/kl25z/GCC_ARM/mbed-os/rtos/rtx5/TARGET_CORTEX_M/rtx_evr.o
                0x0000000000001b1c                EvrRtxKernelError
 .text.EvrRtxKernelInitialize
                0x0000000000001b1e        0x2 ./BUILD/kl25z/GCC_ARM/mbed-os/rtos/rtx5/TARGET_CORTEX_M/rtx_evr.o
                0x0000000000001b1e                EvrRtxKernelInitialize
 .text.EvrRtxKernelInitializeCompleted
                0x0000000000001b20        0x2 ./BUILD/kl25z/GCC_ARM/mbed-os/rtos/rtx5/TARGET_CORTEX_M/rtx_evr.o
                0x0000000000001b20                EvrRtxKernelInitializeCompleted
 .text.EvrRtxKernelGetState
                0x0000000000001b22        0x2 ./BUILD/kl25z/GCC_ARM/mbed-os/rtos/rtx5/TARGET_CORTEX_M/rtx_evr.o
                0x0000000000001b22                EvrRtxKernelGetState
 .text.EvrRtxKernelStart
                0x0000000000001b24        0x2 ./BUILD/kl25z/GCC_ARM/mbed-os/rtos/rtx5/TARGET_CORTEX_M/rtx_evr.o
                0x0000000000001b24                EvrRtxKernelStart
 .text.EvrRtxKernelStarted
                0x0000000000001b26        0x2 ./BUILD/kl25z/GCC_ARM/mbed-os/rtos/rtx5/TARGET_CORTEX_M/rtx_evr.o
                0x0000000000001b26                EvrRtxKernelStarted
 .text.EvrRtxThreadError
                0x0000000000001b28        0x2 ./BUILD/kl25z/GCC_ARM/mbed-os/rtos/rtx5/TARGET_CORTEX_M/rtx_evr.o
                0x0000000000001b28                EvrRtxThreadError
 .text.EvrRtxThreadNew
                0x0000000000001b2a        0x2 ./BUILD/kl25z/GCC_ARM/mbed-os/rtos/rtx5/TARGET_CORTEX_M/rtx_evr.o
                0x0000000000001b2a                EvrRtxThreadNew
 .text.EvrRtxThreadCreated
                0x0000000000001b2c        0x2 ./BUILD/kl25z/GCC_ARM/mbed-os/rtos/rtx5/TARGET_CORTEX_M/rtx_evr.o
                0x0000000000001b2c                EvrRtxThreadCreated
 .text.EvrRtxThreadGetName
                0x0000000000001b2e        0x2 ./BUILD/kl25z/GCC_ARM/mbed-os/rtos/rtx5/TARGET_CORTEX_M/rtx_evr.o
                0x0000000000001b2e                EvrRtxThreadGetName
 .text.EvrRtxThreadGetId
                0x0000000000001b30        0x2 ./BUILD/kl25z/GCC_ARM/mbed-os/rtos/rtx5/TARGET_CORTEX_M/rtx_evr.o
                0x0000000000001b30                EvrRtxThreadGetId
 .text.EvrRtxThreadJoined
                0x0000000000001b32        0x2 ./BUILD/kl25z/GCC_ARM/mbed-os/rtos/rtx5/TARGET_CORTEX_M/rtx_evr.o
                0x0000000000001b32                EvrRtxThreadJoined
 .text.EvrRtxThreadBlocked
                0x0000000000001b34        0x2 ./BUILD/kl25z/GCC_ARM/mbed-os/rtos/rtx5/TARGET_CORTEX_M/rtx_evr.o
                0x0000000000001b34                EvrRtxThreadBlocked
 .text.EvrRtxThreadUnblocked
                0x0000000000001b36        0x2 ./BUILD/kl25z/GCC_ARM/mbed-os/rtos/rtx5/TARGET_CORTEX_M/rtx_evr.o
                0x0000000000001b36                EvrRtxThreadUnblocked
 .text.EvrRtxThreadSwitch
                0x0000000000001b38        0x2 ./BUILD/kl25z/GCC_ARM/mbed-os/rtos/rtx5/TARGET_CORTEX_M/rtx_evr.o
                0x0000000000001b38                EvrRtxThreadSwitch
 .text.EvrRtxThreadExit
                0x0000000000001b3a        0x2 ./BUILD/kl25z/GCC_ARM/mbed-os/rtos/rtx5/TARGET_CORTEX_M/rtx_evr.o
                0x0000000000001b3a                EvrRtxThreadExit
 .text.EvrRtxThreadDestroyed
                0x0000000000001b3c        0x2 ./BUILD/kl25z/GCC_ARM/mbed-os/rtos/rtx5/TARGET_CORTEX_M/rtx_evr.o
                0x0000000000001b3c                EvrRtxThreadDestroyed
 .text.EvrRtxThreadFlagsWaitTimeout
                0x0000000000001b3e        0x2 ./BUILD/kl25z/GCC_ARM/mbed-os/rtos/rtx5/TARGET_CORTEX_M/rtx_evr.o
                0x0000000000001b3e                EvrRtxThreadFlagsWaitTimeout
 .text.EvrRtxThreadFlagsWaitCompleted
                0x0000000000001b40        0x2 ./BUILD/kl25z/GCC_ARM/mbed-os/rtos/rtx5/TARGET_CORTEX_M/rtx_evr.o
                0x0000000000001b40                EvrRtxThreadFlagsWaitCompleted
 .text.EvrRtxThreadDelay
                0x0000000000001b42        0x2 ./BUILD/kl25z/GCC_ARM/mbed-os/rtos/rtx5/TARGET_CORTEX_M/rtx_evr.o
                0x0000000000001b42                EvrRtxThreadDelay
 .text.EvrRtxThreadDelayCompleted
                0x0000000000001b44        0x2 ./BUILD/kl25z/GCC_ARM/mbed-os/rtos/rtx5/TARGET_CORTEX_M/rtx_evr.o
                0x0000000000001b44                EvrRtxThreadDelayCompleted
 .text.EvrRtxTimerCallback
                0x0000000000001b46        0x2 ./BUILD/kl25z/GCC_ARM/mbed-os/rtos/rtx5/TARGET_CORTEX_M/rtx_evr.o
                0x0000000000001b46                EvrRtxTimerCallback
 .text.EvrRtxEventFlagsWaitTimeout
                0x0000000000001b48        0x2 ./BUILD/kl25z/GCC_ARM/mbed-os/rtos/rtx5/TARGET_CORTEX_M/rtx_evr.o
                0x0000000000001b48                EvrRtxEventFlagsWaitTimeout
 .text.EvrRtxMutexError
                0x0000000000001b4a        0x2 ./BUILD/kl25z/GCC_ARM/mbed-os/rtos/rtx5/TARGET_CORTEX_M/rtx_evr.o
                0x0000000000001b4a                EvrRtxMutexError
 .text.EvrRtxMutexNew
                0x0000000000001b4c        0x2 ./BUILD/kl25z/GCC_ARM/mbed-os/rtos/rtx5/TARGET_CORTEX_M/rtx_evr.o
                0x0000000000001b4c                EvrRtxMutexNew
 .text.EvrRtxMutexCreated
                0x0000000000001b4e        0x2 ./BUILD/kl25z/GCC_ARM/mbed-os/rtos/rtx5/TARGET_CORTEX_M/rtx_evr.o
                0x0000000000001b4e                EvrRtxMutexCreated
 .text.EvrRtxMutexAcquire
                0x0000000000001b50        0x2 ./BUILD/kl25z/GCC_ARM/mbed-os/rtos/rtx5/TARGET_CORTEX_M/rtx_evr.o
                0x0000000000001b50                EvrRtxMutexAcquire
 .text.EvrRtxMutexAcquirePending
                0x0000000000001b52        0x2 ./BUILD/kl25z/GCC_ARM/mbed-os/rtos/rtx5/TARGET_CORTEX_M/rtx_evr.o
                0x0000000000001b52                EvrRtxMutexAcquirePending
 .text.EvrRtxMutexAcquireTimeout
                0x0000000000001b54        0x2 ./BUILD/kl25z/GCC_ARM/mbed-os/rtos/rtx5/TARGET_CORTEX_M/rtx_evr.o
                0x0000000000001b54                EvrRtxMutexAcquireTimeout
 .text.EvrRtxMutexAcquired
                0x0000000000001b56        0x2 ./BUILD/kl25z/GCC_ARM/mbed-os/rtos/rtx5/TARGET_CORTEX_M/rtx_evr.o
                0x0000000000001b56                EvrRtxMutexAcquired
 .text.EvrRtxMutexNotAcquired
                0x0000000000001b58        0x2 ./BUILD/kl25z/GCC_ARM/mbed-os/rtos/rtx5/TARGET_CORTEX_M/rtx_evr.o
                0x0000000000001b58                EvrRtxMutexNotAcquired
 .text.EvrRtxMutexRelease
                0x0000000000001b5a        0x2 ./BUILD/kl25z/GCC_ARM/mbed-os/rtos/rtx5/TARGET_CORTEX_M/rtx_evr.o
                0x0000000000001b5a                EvrRtxMutexRelease
 .text.EvrRtxMutexReleased
                0x0000000000001b5c        0x2 ./BUILD/kl25z/GCC_ARM/mbed-os/rtos/rtx5/TARGET_CORTEX_M/rtx_evr.o
                0x0000000000001b5c                EvrRtxMutexReleased
 .text.EvrRtxMutexDelete
                0x0000000000001b5e        0x2 ./BUILD/kl25z/GCC_ARM/mbed-os/rtos/rtx5/TARGET_CORTEX_M/rtx_evr.o
                0x0000000000001b5e                EvrRtxMutexDelete
 .text.EvrRtxMutexDestroyed
                0x0000000000001b60        0x2 ./BUILD/kl25z/GCC_ARM/mbed-os/rtos/rtx5/TARGET_CORTEX_M/rtx_evr.o
                0x0000000000001b60                EvrRtxMutexDestroyed
 .text.EvrRtxSemaphoreAcquireTimeout
                0x0000000000001b62        0x2 ./BUILD/kl25z/GCC_ARM/mbed-os/rtos/rtx5/TARGET_CORTEX_M/rtx_evr.o
                0x0000000000001b62                EvrRtxSemaphoreAcquireTimeout
 .text.EvrRtxMemoryPoolAllocTimeout
                0x0000000000001b64        0x2 ./BUILD/kl25z/GCC_ARM/mbed-os/rtos/rtx5/TARGET_CORTEX_M/rtx_evr.o
                0x0000000000001b64                EvrRtxMemoryPoolAllocTimeout
 .text.EvrRtxMessageQueueError
                0x0000000000001b66        0x2 ./BUILD/kl25z/GCC_ARM/mbed-os/rtos/rtx5/TARGET_CORTEX_M/rtx_evr.o
                0x0000000000001b66                EvrRtxMessageQueueError
 .text.EvrRtxMessageQueueNew
                0x0000000000001b68        0x2 ./BUILD/kl25z/GCC_ARM/mbed-os/rtos/rtx5/TARGET_CORTEX_M/rtx_evr.o
                0x0000000000001b68                EvrRtxMessageQueueNew
 .text.EvrRtxMessageQueueCreated
                0x0000000000001b6a        0x2 ./BUILD/kl25z/GCC_ARM/mbed-os/rtos/rtx5/TARGET_CORTEX_M/rtx_evr.o
                0x0000000000001b6a                EvrRtxMessageQueueCreated
 .text.EvrRtxMessageQueuePut
                0x0000000000001b6c        0x2 ./BUILD/kl25z/GCC_ARM/mbed-os/rtos/rtx5/TARGET_CORTEX_M/rtx_evr.o
                0x0000000000001b6c                EvrRtxMessageQueuePut
 .text.EvrRtxMessageQueuePutPending
                0x0000000000001b6e        0x2 ./BUILD/kl25z/GCC_ARM/mbed-os/rtos/rtx5/TARGET_CORTEX_M/rtx_evr.o
                0x0000000000001b6e                EvrRtxMessageQueuePutPending
 .text.EvrRtxMessageQueuePutTimeout
                0x0000000000001b70        0x2 ./BUILD/kl25z/GCC_ARM/mbed-os/rtos/rtx5/TARGET_CORTEX_M/rtx_evr.o
                0x0000000000001b70                EvrRtxMessageQueuePutTimeout
 .text.EvrRtxMessageQueueInsertPending
                0x0000000000001b72        0x2 ./BUILD/kl25z/GCC_ARM/mbed-os/rtos/rtx5/TARGET_CORTEX_M/rtx_evr.o
                0x0000000000001b72                EvrRtxMessageQueueInsertPending
 .text.EvrRtxMessageQueueInserted
                0x0000000000001b74        0x2 ./BUILD/kl25z/GCC_ARM/mbed-os/rtos/rtx5/TARGET_CORTEX_M/rtx_evr.o
                0x0000000000001b74                EvrRtxMessageQueueInserted
 .text.EvrRtxMessageQueueNotInserted
                0x0000000000001b76        0x2 ./BUILD/kl25z/GCC_ARM/mbed-os/rtos/rtx5/TARGET_CORTEX_M/rtx_evr.o
                0x0000000000001b76                EvrRtxMessageQueueNotInserted
 .text.EvrRtxMessageQueueGet
                0x0000000000001b78        0x2 ./BUILD/kl25z/GCC_ARM/mbed-os/rtos/rtx5/TARGET_CORTEX_M/rtx_evr.o
                0x0000000000001b78                EvrRtxMessageQueueGet
 .text.EvrRtxMessageQueueGetPending
                0x0000000000001b7a        0x2 ./BUILD/kl25z/GCC_ARM/mbed-os/rtos/rtx5/TARGET_CORTEX_M/rtx_evr.o
                0x0000000000001b7a                EvrRtxMessageQueueGetPending
 .text.EvrRtxMessageQueueGetTimeout
                0x0000000000001b7c        0x2 ./BUILD/kl25z/GCC_ARM/mbed-os/rtos/rtx5/TARGET_CORTEX_M/rtx_evr.o
                0x0000000000001b7c                EvrRtxMessageQueueGetTimeout
 .text.EvrRtxMessageQueueRetrieved
                0x0000000000001b7e        0x2 ./BUILD/kl25z/GCC_ARM/mbed-os/rtos/rtx5/TARGET_CORTEX_M/rtx_evr.o
                0x0000000000001b7e                EvrRtxMessageQueueRetrieved
 .text.EvrRtxMessageQueueNotRetrieved
                0x0000000000001b80        0x2 ./BUILD/kl25z/GCC_ARM/mbed-os/rtos/rtx5/TARGET_CORTEX_M/rtx_evr.o
                0x0000000000001b80                EvrRtxMessageQueueNotRetrieved
 *fill*         0x0000000000001b82        0x2 
 .text.svcRtxKernelInitialize
                0x0000000000001b84      0x1cc ./BUILD/kl25z/GCC_ARM/mbed-os/rtos/rtx5/TARGET_CORTEX_M/rtx_kernel.o
                0x0000000000001b84                svcRtxKernelInitialize
 .text.svcRtxKernelGetState
                0x0000000000001d50       0x14 ./BUILD/kl25z/GCC_ARM/mbed-os/rtos/rtx5/TARGET_CORTEX_M/rtx_kernel.o
                0x0000000000001d50                svcRtxKernelGetState
 .text.svcRtxKernelStart
                0x0000000000001d64       0xd8 ./BUILD/kl25z/GCC_ARM/mbed-os/rtos/rtx5/TARGET_CORTEX_M/rtx_kernel.o
                0x0000000000001d64                svcRtxKernelStart
 .text.osKernelInitialize
                0x0000000000001e3c       0x44 ./BUILD/kl25z/GCC_ARM/mbed-os/rtos/rtx5/TARGET_CORTEX_M/rtx_kernel.o
                0x0000000000001e3c                osKernelInitialize
 .text.osKernelGetState
                0x0000000000001e80       0x38 ./BUILD/kl25z/GCC_ARM/mbed-os/rtos/rtx5/TARGET_CORTEX_M/rtx_kernel.o
                0x0000000000001e80                osKernelGetState
 .text.osKernelStart
                0x0000000000001eb8       0x60 ./BUILD/kl25z/GCC_ARM/mbed-os/rtos/rtx5/TARGET_CORTEX_M/rtx_kernel.o
                0x0000000000001eb8                osKernelStart
 .text.osRtxMemoryInit
                0x0000000000001f18       0x3a ./BUILD/kl25z/GCC_ARM/mbed-os/rtos/rtx5/TARGET_CORTEX_M/rtx_memory.o
                0x0000000000001f18                osRtxMemoryInit
 .text.osRtxMemoryAlloc
                0x0000000000001f52       0x72 ./BUILD/kl25z/GCC_ARM/mbed-os/rtos/rtx5/TARGET_CORTEX_M/rtx_memory.o
                0x0000000000001f52                osRtxMemoryAlloc
 .text.osRtxMemoryFree
                0x0000000000001fc4       0x52 ./BUILD/kl25z/GCC_ARM/mbed-os/rtos/rtx5/TARGET_CORTEX_M/rtx_memory.o
                0x0000000000001fc4                osRtxMemoryFree
 .text.osRtxMemoryPoolInit
                0x0000000000002016       0x58 ./BUILD/kl25z/GCC_ARM/mbed-os/rtos/rtx5/TARGET_CORTEX_M/rtx_mempool.o
                0x0000000000002016                osRtxMemoryPoolInit
 .text.osRtxMemoryPoolAlloc
                0x000000000000206e       0x42 ./BUILD/kl25z/GCC_ARM/mbed-os/rtos/rtx5/TARGET_CORTEX_M/rtx_mempool.o
                0x000000000000206e                osRtxMemoryPoolAlloc
 .text.osRtxMemoryPoolFree
                0x00000000000020b0       0x4e ./BUILD/kl25z/GCC_ARM/mbed-os/rtos/rtx5/TARGET_CORTEX_M/rtx_mempool.o
                0x00000000000020b0                osRtxMemoryPoolFree
 .text.MessageQueuePut
                0x00000000000020fe       0x52 ./BUILD/kl25z/GCC_ARM/mbed-os/rtos/rtx5/TARGET_CORTEX_M/rtx_msgqueue.o
 .text.MessageQueueGet
                0x0000000000002150       0x3e ./BUILD/kl25z/GCC_ARM/mbed-os/rtos/rtx5/TARGET_CORTEX_M/rtx_msgqueue.o
 .text.MessageQueueRemove
                0x000000000000218e       0x1c ./BUILD/kl25z/GCC_ARM/mbed-os/rtos/rtx5/TARGET_CORTEX_M/rtx_msgqueue.o
 *fill*         0x00000000000021aa        0x2 
 .text.svcRtxMessageQueueNew
                0x00000000000021ac      0x15c ./BUILD/kl25z/GCC_ARM/mbed-os/rtos/rtx5/TARGET_CORTEX_M/rtx_msgqueue.o
                0x00000000000021ac                svcRtxMessageQueueNew
 .text.svcRtxMessageQueuePut
                0x0000000000002308       0xfc ./BUILD/kl25z/GCC_ARM/mbed-os/rtos/rtx5/TARGET_CORTEX_M/rtx_msgqueue.o
                0x0000000000002308                svcRtxMessageQueuePut
 .text.svcRtxMessageQueueGet
                0x0000000000002404      0x118 ./BUILD/kl25z/GCC_ARM/mbed-os/rtos/rtx5/TARGET_CORTEX_M/rtx_msgqueue.o
                0x0000000000002404                svcRtxMessageQueueGet
 .text.osRtxMessageQueuePostProcess
                0x000000000000251c      0x100 ./BUILD/kl25z/GCC_ARM/mbed-os/rtos/rtx5/TARGET_CORTEX_M/rtx_msgqueue.o
                0x000000000000251c                osRtxMessageQueuePostProcess
 .text.osMessageQueueNew
                0x000000000000261c       0x50 ./BUILD/kl25z/GCC_ARM/mbed-os/rtos/rtx5/TARGET_CORTEX_M/rtx_msgqueue.o
                0x000000000000261c                osMessageQueueNew
 .text.osMessageQueuePut
                0x000000000000266c       0xb4 ./BUILD/kl25z/GCC_ARM/mbed-os/rtos/rtx5/TARGET_CORTEX_M/rtx_msgqueue.o
                0x000000000000266c                osMessageQueuePut
 .text.osMessageQueueGet
                0x0000000000002720       0xa8 ./BUILD/kl25z/GCC_ARM/mbed-os/rtos/rtx5/TARGET_CORTEX_M/rtx_msgqueue.o
                0x0000000000002720                osMessageQueueGet
 .text.svcRtxMutexNew
                0x00000000000027c8       0x90 ./BUILD/kl25z/GCC_ARM/mbed-os/rtos/rtx5/TARGET_CORTEX_M/rtx_mutex.o
                0x00000000000027c8                svcRtxMutexNew
 .text.svcRtxMutexAcquire
                0x0000000000002858       0xc8 ./BUILD/kl25z/GCC_ARM/mbed-os/rtos/rtx5/TARGET_CORTEX_M/rtx_mutex.o
                0x0000000000002858                svcRtxMutexAcquire
 .text.svcRtxMutexRelease
                0x0000000000002920       0xec ./BUILD/kl25z/GCC_ARM/mbed-os/rtos/rtx5/TARGET_CORTEX_M/rtx_mutex.o
                0x0000000000002920                svcRtxMutexRelease
 .text.svcRtxMutexDelete
                0x0000000000002a0c       0xe4 ./BUILD/kl25z/GCC_ARM/mbed-os/rtos/rtx5/TARGET_CORTEX_M/rtx_mutex.o
                0x0000000000002a0c                svcRtxMutexDelete
 .text.osRtxMutexOwnerRelease
                0x0000000000002af0       0x50 ./BUILD/kl25z/GCC_ARM/mbed-os/rtos/rtx5/TARGET_CORTEX_M/rtx_mutex.o
                0x0000000000002af0                osRtxMutexOwnerRelease
 .text.osMutexNew
                0x0000000000002b40       0x48 ./BUILD/kl25z/GCC_ARM/mbed-os/rtos/rtx5/TARGET_CORTEX_M/rtx_mutex.o
                0x0000000000002b40                osMutexNew
 .text.osMutexAcquire
                0x0000000000002b88       0x38 ./BUILD/kl25z/GCC_ARM/mbed-os/rtos/rtx5/TARGET_CORTEX_M/rtx_mutex.o
                0x0000000000002b88                osMutexAcquire
 .text.osMutexRelease
                0x0000000000002bc0       0x34 ./BUILD/kl25z/GCC_ARM/mbed-os/rtos/rtx5/TARGET_CORTEX_M/rtx_mutex.o
                0x0000000000002bc0                osMutexRelease
 .text.osMutexDelete
                0x0000000000002bf4       0x34 ./BUILD/kl25z/GCC_ARM/mbed-os/rtos/rtx5/TARGET_CORTEX_M/rtx_mutex.o
                0x0000000000002bf4                osMutexDelete
 .text.osRtxPendSV_Handler
                0x0000000000002c28       0x88 ./BUILD/kl25z/GCC_ARM/mbed-os/rtos/rtx5/TARGET_CORTEX_M/rtx_system.o
                0x0000000000002c28                osRtxPendSV_Handler
 .text.osRtxPostProcess
                0x0000000000002cb0       0x70 ./BUILD/kl25z/GCC_ARM/mbed-os/rtos/rtx5/TARGET_CORTEX_M/rtx_system.o
                0x0000000000002cb0                osRtxPostProcess
 .text.osRtxSysTimerSetup
                0x0000000000002d20       0x3c ./BUILD/kl25z/GCC_ARM/mbed-os/rtos/rtx5/TARGET_CORTEX_M/rtx_system.o
                0x0000000000002d20                osRtxSysTimerSetup
 .text.osRtxSysTimerEnable
                0x0000000000002d5c        0xc ./BUILD/kl25z/GCC_ARM/mbed-os/rtos/rtx5/TARGET_CORTEX_M/rtx_system.o
                0x0000000000002d5c                osRtxSysTimerEnable
 .text.osRtxSysTimerAckIRQ
                0x0000000000002d68        0xc ./BUILD/kl25z/GCC_ARM/mbed-os/rtos/rtx5/TARGET_CORTEX_M/rtx_system.o
                0x0000000000002d68                osRtxSysTimerAckIRQ
 .text.osRtxTick_Handler
                0x0000000000002d74       0x88 ./BUILD/kl25z/GCC_ARM/mbed-os/rtos/rtx5/TARGET_CORTEX_M/rtx_system.o
                0x0000000000002d74                osRtxTick_Handler
 .text.svcRtxThreadGetId
                0x0000000000002dfc       0x14 ./BUILD/kl25z/GCC_ARM/mbed-os/rtos/rtx5/TARGET_CORTEX_M/rtx_thread.o
                0x0000000000002dfc                svcRtxThreadGetId
 .text.osThreadExit
                0x0000000000002e10       0x1c ./BUILD/kl25z/GCC_ARM/mbed-os/rtos/rtx5/TARGET_CORTEX_M/rtx_thread.o
                0x0000000000002e10                osThreadExit
 .text.ThreadFlagsCheck.isra.2
                0x0000000000002e2c       0x58 ./BUILD/kl25z/GCC_ARM/mbed-os/rtos/rtx5/TARGET_CORTEX_M/rtx_thread.o
 .text.osRtxThreadFree
                0x0000000000002e84       0x54 ./BUILD/kl25z/GCC_ARM/mbed-os/rtos/rtx5/TARGET_CORTEX_M/rtx_thread.o
 .text.svcRtxThreadGetName
                0x0000000000002ed8       0x28 ./BUILD/kl25z/GCC_ARM/mbed-os/rtos/rtx5/TARGET_CORTEX_M/rtx_thread.o
                0x0000000000002ed8                svcRtxThreadGetName
 .text.osRtxThreadListPut
                0x0000000000002f00       0x30 ./BUILD/kl25z/GCC_ARM/mbed-os/rtos/rtx5/TARGET_CORTEX_M/rtx_thread.o
                0x0000000000002f00                osRtxThreadListPut
 .text.osRtxThreadListGet
                0x0000000000002f30       0x18 ./BUILD/kl25z/GCC_ARM/mbed-os/rtos/rtx5/TARGET_CORTEX_M/rtx_thread.o
                0x0000000000002f30                osRtxThreadListGet
 .text.osRtxThreadListRoot
                0x0000000000002f48       0x10 ./BUILD/kl25z/GCC_ARM/mbed-os/rtos/rtx5/TARGET_CORTEX_M/rtx_thread.o
                0x0000000000002f48                osRtxThreadListRoot
 .text.osRtxThreadListRemove
                0x0000000000002f58       0x18 ./BUILD/kl25z/GCC_ARM/mbed-os/rtos/rtx5/TARGET_CORTEX_M/rtx_thread.o
                0x0000000000002f58                osRtxThreadListRemove
 .text.osRtxThreadListSort
                0x0000000000002f70       0x24 ./BUILD/kl25z/GCC_ARM/mbed-os/rtos/rtx5/TARGET_CORTEX_M/rtx_thread.o
                0x0000000000002f70                osRtxThreadListSort
 .text.osRtxThreadReadyPut
                0x0000000000002f94       0x14 ./BUILD/kl25z/GCC_ARM/mbed-os/rtos/rtx5/TARGET_CORTEX_M/rtx_thread.o
                0x0000000000002f94                osRtxThreadReadyPut
 .text.osRtxThreadDelayInsert
                0x0000000000002fa8       0x64 ./BUILD/kl25z/GCC_ARM/mbed-os/rtos/rtx5/TARGET_CORTEX_M/rtx_thread.o
                0x0000000000002fa8                osRtxThreadDelayInsert
 .text.osRtxThreadDelayRemove
                0x000000000000300c       0x5c ./BUILD/kl25z/GCC_ARM/mbed-os/rtos/rtx5/TARGET_CORTEX_M/rtx_thread.o
                0x000000000000300c                osRtxThreadDelayRemove
 .text.osRtxThreadDelayTick
                0x0000000000003068       0xbc ./BUILD/kl25z/GCC_ARM/mbed-os/rtos/rtx5/TARGET_CORTEX_M/rtx_thread.o
                0x0000000000003068                osRtxThreadDelayTick
 .text.osRtxThreadRegPtr
                0x0000000000003124        0x6 ./BUILD/kl25z/GCC_ARM/mbed-os/rtos/rtx5/TARGET_CORTEX_M/rtx_thread.o
                0x0000000000003124                osRtxThreadRegPtr
 *fill*         0x000000000000312a        0x2 
 .text.osRtxThreadBlock
                0x000000000000312c       0x3c ./BUILD/kl25z/GCC_ARM/mbed-os/rtos/rtx5/TARGET_CORTEX_M/rtx_thread.o
                0x000000000000312c                osRtxThreadBlock
 .text.osRtxThreadStackCheck
                0x0000000000003168       0x2c ./BUILD/kl25z/GCC_ARM/mbed-os/rtos/rtx5/TARGET_CORTEX_M/rtx_thread.o
                0x0000000000003168                osRtxThreadStackCheck
 .text.osRtxThreadSwitch
                0x0000000000003194       0x1c ./BUILD/kl25z/GCC_ARM/mbed-os/rtos/rtx5/TARGET_CORTEX_M/rtx_thread.o
                0x0000000000003194                osRtxThreadSwitch
 .text.osRtxThreadDispatch
                0x00000000000031b0       0x64 ./BUILD/kl25z/GCC_ARM/mbed-os/rtos/rtx5/TARGET_CORTEX_M/rtx_thread.o
                0x00000000000031b0                osRtxThreadDispatch
 .text.osRtxThreadWaitExit
                0x0000000000003214       0x28 ./BUILD/kl25z/GCC_ARM/mbed-os/rtos/rtx5/TARGET_CORTEX_M/rtx_thread.o
                0x0000000000003214                osRtxThreadWaitExit
 .text.osRtxThreadPostProcess
                0x000000000000323c       0x30 ./BUILD/kl25z/GCC_ARM/mbed-os/rtos/rtx5/TARGET_CORTEX_M/rtx_thread.o
                0x000000000000323c                osRtxThreadPostProcess
 .text.svcRtxThreadNew
                0x000000000000326c      0x22c ./BUILD/kl25z/GCC_ARM/mbed-os/rtos/rtx5/TARGET_CORTEX_M/rtx_thread.o
                0x000000000000326c                svcRtxThreadNew
 .text.osRtxThreadWaitEnter
                0x0000000000003498       0x48 ./BUILD/kl25z/GCC_ARM/mbed-os/rtos/rtx5/TARGET_CORTEX_M/rtx_thread.o
                0x0000000000003498                osRtxThreadWaitEnter
 .text.svcRtxThreadExit
                0x00000000000034e0       0x7c ./BUILD/kl25z/GCC_ARM/mbed-os/rtos/rtx5/TARGET_CORTEX_M/rtx_thread.o
                0x00000000000034e0                svcRtxThreadExit
 .text.osThreadContextNew
                0x000000000000355c       0x54 ./BUILD/kl25z/GCC_ARM/mbed-os/rtos/rtx5/TARGET_CORTEX_M/rtx_thread.o
                0x000000000000355c                osThreadContextNew
 .text.osThreadNew
                0x00000000000035b0        0xa ./BUILD/kl25z/GCC_ARM/mbed-os/rtos/rtx5/TARGET_CORTEX_M/rtx_thread.o
                0x00000000000035b0                osThreadNew
 *fill*         0x00000000000035ba        0x2 
 .text.osThreadGetName
                0x00000000000035bc       0x28 ./BUILD/kl25z/GCC_ARM/mbed-os/rtos/rtx5/TARGET_CORTEX_M/rtx_thread.o
                0x00000000000035bc                osThreadGetName
 .text.osThreadGetId
                0x00000000000035e4       0x28 ./BUILD/kl25z/GCC_ARM/mbed-os/rtos/rtx5/TARGET_CORTEX_M/rtx_thread.o
                0x00000000000035e4                osThreadGetId
 .text.TimerInsert
                0x000000000000360c       0x3c ./BUILD/kl25z/GCC_ARM/mbed-os/rtos/rtx5/TARGET_CORTEX_M/rtx_timer.o
 .text.osRtxTimerTick
                0x0000000000003648       0x5c ./BUILD/kl25z/GCC_ARM/mbed-os/rtos/rtx5/TARGET_CORTEX_M/rtx_timer.o
                0x0000000000003648                osRtxTimerTick
 .text.osRtxTimerThread
                0x00000000000036a4       0x4c ./BUILD/kl25z/GCC_ARM/mbed-os/rtos/rtx5/TARGET_CORTEX_M/rtx_timer.o
                0x00000000000036a4                osRtxTimerThread
 .text.osRtxIdleThread
                0x00000000000036f0        0x8 ./BUILD/kl25z/GCC_ARM/mbed-os/rtos/rtx5/mbed_rtx_handlers.o
                0x00000000000036f0                osRtxIdleThread
 .text.osRtxErrorNotify
                0x00000000000036f8       0x80 ./BUILD/kl25z/GCC_ARM/mbed-os/rtos/rtx5/mbed_rtx_handlers.o
                0x00000000000036f8                osRtxErrorNotify
 .text          0x0000000000003778        0xc ./BUILD/kl25z/GCC_ARM/mbed-os/targets/TARGET_Freescale/TARGET_KLXX/TARGET_KL25Z/device/TOOLCHAIN_GCC_ARM/startup_MKL25Z4.o
                0x000000000000377a                HardFault_Handler
                0x0000000000003782                I2C1_IRQHandler
                0x0000000000003782                UART1_IRQHandler
                0x0000000000003782                DMA2_IRQHandler
                0x0000000000003782                TPM0_IRQHandler
                0x0000000000003782                TSI0_IRQHandler
                0x0000000000003782                UART0_IRQHandler
                0x0000000000003782                ADC0_IRQHandler
                0x0000000000003782                SPI1_IRQHandler
                0x0000000000003782                PORTD_IRQHandler
                0x0000000000003782                TPM2_IRQHandler
                0x0000000000003782                LPTimer_IRQHandler
                0x0000000000003782                RTC_IRQHandler
                0x0000000000003782                RTC_Seconds_IRQHandler
                0x0000000000003782                MCG_IRQHandler
                0x0000000000003782                UART2_IRQHandler
                0x0000000000003782                Default_Handler
                0x0000000000003782                USB0_IRQHandler
                0x0000000000003782                LLW_IRQHandler
                0x0000000000003782                PIT_IRQHandler
                0x0000000000003782                DMA3_IRQHandler
                0x0000000000003782                DMA0_IRQHandler
                0x0000000000003782                DAC0_IRQHandler
                0x0000000000003782                DEF_IRQHandler
                0x0000000000003782                TPM1_IRQHandler
                0x0000000000003782                LVD_LVW_IRQHandler
                0x0000000000003782                SPI0_IRQHandler
                0x0000000000003782                PORTA_IRQHandler
                0x0000000000003782                FTFA_IRQHandler
                0x0000000000003782                CMP0_IRQHandler
                0x0000000000003782                I2C0_IRQHandler
                0x0000000000003782                DMA1_IRQHandler
 .text.SystemInit
                0x0000000000003784       0xa4 ./BUILD/kl25z/GCC_ARM/mbed-os/targets/TARGET_Freescale/TARGET_KLXX/TARGET_KL25Z/device/system_MKL25Z4.o
                0x0000000000003784                SystemInit
 .text.NMI_Handler
                0x0000000000003828        0xe ./BUILD/kl25z/GCC_ARM/mbed-os/targets/TARGET_Freescale/TARGET_KLXX/TARGET_KL25Z/mbed_overrides.o
                0x0000000000003828                NMI_Handler
 *fill*         0x0000000000003836        0x2 
 .text.mcgpllfll_frequency
                0x0000000000003838       0x58 ./BUILD/kl25z/GCC_ARM/mbed-os/targets/TARGET_Freescale/TARGET_KLXX/TARGET_KL25Z/serial_api.o
 .text.serial_baud
                0x0000000000003890      0x138 ./BUILD/kl25z/GCC_ARM/mbed-os/targets/TARGET_Freescale/TARGET_KLXX/TARGET_KL25Z/serial_api.o
                0x0000000000003890                serial_baud
 .text.serial_format
                0x00000000000039c8       0x94 ./BUILD/kl25z/GCC_ARM/mbed-os/targets/TARGET_Freescale/TARGET_KLXX/TARGET_KL25Z/serial_api.o
                0x00000000000039c8                serial_format
 .text.serial_init
                0x0000000000003a5c      0x16c ./BUILD/kl25z/GCC_ARM/mbed-os/targets/TARGET_Freescale/TARGET_KLXX/TARGET_KL25Z/serial_api.o
                0x0000000000003a5c                serial_init
 .text.serial_irq_handler
                0x0000000000003bc8       0x18 ./BUILD/kl25z/GCC_ARM/mbed-os/targets/TARGET_Freescale/TARGET_KLXX/TARGET_KL25Z/serial_api.o
                0x0000000000003bc8                serial_irq_handler
 .text.serial_readable
                0x0000000000003be0       0x18 ./BUILD/kl25z/GCC_ARM/mbed-os/targets/TARGET_Freescale/TARGET_KLXX/TARGET_KL25Z/serial_api.o
                0x0000000000003be0                serial_readable
 .text.serial_getc
                0x0000000000003bf8       0x16 ./BUILD/kl25z/GCC_ARM/mbed-os/targets/TARGET_Freescale/TARGET_KLXX/TARGET_KL25Z/serial_api.o
                0x0000000000003bf8                serial_getc
 .text.serial_writable
                0x0000000000003c0e       0x18 ./BUILD/kl25z/GCC_ARM/mbed-os/targets/TARGET_Freescale/TARGET_KLXX/TARGET_KL25Z/serial_api.o
                0x0000000000003c0e                serial_writable
 .text.serial_putc
                0x0000000000003c26       0x18 ./BUILD/kl25z/GCC_ARM/mbed-os/targets/TARGET_Freescale/TARGET_KLXX/TARGET_KL25Z/serial_api.o
                0x0000000000003c26                serial_putc
 *fill*         0x0000000000003c3e        0x2 
 .text.gpio_set
                0x0000000000003c40       0x2c ./BUILD/kl25z/GCC_ARM/mbed-os/targets/TARGET_Freescale/TARGET_KLXX/gpio_api.o
                0x0000000000003c40                gpio_set
 .text.gpio_init
                0x0000000000003c6c       0x34 ./BUILD/kl25z/GCC_ARM/mbed-os/targets/TARGET_Freescale/TARGET_KLXX/gpio_api.o
                0x0000000000003c6c                gpio_init
 .text.gpio_mode
                0x0000000000003ca0        0xc ./BUILD/kl25z/GCC_ARM/mbed-os/targets/TARGET_Freescale/TARGET_KLXX/gpio_api.o
                0x0000000000003ca0                gpio_mode
 .text.gpio_dir
                0x0000000000003cac       0x40 ./BUILD/kl25z/GCC_ARM/mbed-os/targets/TARGET_Freescale/TARGET_KLXX/gpio_api.o
                0x0000000000003cac                gpio_dir
 .text.pin_function
                0x0000000000003cec       0x5c ./BUILD/kl25z/GCC_ARM/mbed-os/targets/TARGET_Freescale/TARGET_KLXX/pinmap.o
                0x0000000000003cec                pin_function
 .text.pin_mode
                0x0000000000003d48       0x30 ./BUILD/kl25z/GCC_ARM/mbed-os/targets/TARGET_Freescale/TARGET_KLXX/pinmap.o
                0x0000000000003d48                pin_mode
 .text.hal_sleep
                0x0000000000003d78       0x18 ./BUILD/kl25z/GCC_ARM/mbed-os/targets/TARGET_Freescale/TARGET_KLXX/sleep.o
                0x0000000000003d78                hal_sleep
 .text.lptmr_set
                0x0000000000003d90       0x20 ./BUILD/kl25z/GCC_ARM/mbed-os/targets/TARGET_Freescale/TARGET_KLXX/us_ticker.o
 .text.lptmr_isr
                0x0000000000003db0       0x48 ./BUILD/kl25z/GCC_ARM/mbed-os/targets/TARGET_Freescale/TARGET_KLXX/us_ticker.o
 .text.us_ticker_init
                0x0000000000003df8      0x1e8 ./BUILD/kl25z/GCC_ARM/mbed-os/targets/TARGET_Freescale/TARGET_KLXX/us_ticker.o
                0x0000000000003df8                us_ticker_init
 .text.us_ticker_read
                0x0000000000003fe0       0x20 ./BUILD/kl25z/GCC_ARM/mbed-os/targets/TARGET_Freescale/TARGET_KLXX/us_ticker.o
                0x0000000000003fe0                us_ticker_read
 .text.us_ticker_disable_interrupt
                0x0000000000004000       0x10 ./BUILD/kl25z/GCC_ARM/mbed-os/targets/TARGET_Freescale/TARGET_KLXX/us_ticker.o
                0x0000000000004000                us_ticker_disable_interrupt
 .text.us_ticker_clear_interrupt
                0x0000000000004010        0x2 ./BUILD/kl25z/GCC_ARM/mbed-os/targets/TARGET_Freescale/TARGET_KLXX/us_ticker.o
                0x0000000000004010                us_ticker_clear_interrupt
 *fill*         0x0000000000004012        0x2 
 .text.us_ticker_set_interrupt
                0x0000000000004014       0x40 ./BUILD/kl25z/GCC_ARM/mbed-os/targets/TARGET_Freescale/TARGET_KLXX/us_ticker.o
                0x0000000000004014                us_ticker_set_interrupt
 .text._calloc_r
                0x0000000000004054       0x58 /Users/evie/src/MBED/gcc-arm-none-eabi-6-2017-q1-update/bin/../lib/gcc/arm-none-eabi/6.3.1/../../../../arm-none-eabi/lib/thumb/v6-m/libc.a(lib_a-callocr.o)
                0x0000000000004054                _calloc_r
 .text.__errno  0x00000000000040ac        0xc /Users/evie/src/MBED/gcc-arm-none-eabi-6-2017-q1-update/bin/../lib/gcc/arm-none-eabi/6.3.1/../../../../arm-none-eabi/lib/thumb/v6-m/libc.a(lib_a-errno.o)
                0x00000000000040ac                __errno
 .text._fclose_r
                0x00000000000040b8       0xcc /Users/evie/src/MBED/gcc-arm-none-eabi-6-2017-q1-update/bin/../lib/gcc/arm-none-eabi/6.3.1/../../../../arm-none-eabi/lib/thumb/v6-m/libc.a(lib_a-fclose.o)
                0x00000000000040b8                _fclose_r
 .text.fclose   0x0000000000004184       0x14 /Users/evie/src/MBED/gcc-arm-none-eabi-6-2017-q1-update/bin/../lib/gcc/arm-none-eabi/6.3.1/../../../../arm-none-eabi/lib/thumb/v6-m/libc.a(lib_a-fclose.o)
                0x0000000000004184                fclose
 .text.__sflush_r
                0x0000000000004198      0x150 /Users/evie/src/MBED/gcc-arm-none-eabi-6-2017-q1-update/bin/../lib/gcc/arm-none-eabi/6.3.1/../../../../arm-none-eabi/lib/thumb/v6-m/libc.a(lib_a-fflush.o)
                0x0000000000004198                __sflush_r
 .text._fflush_r
                0x00000000000042e8       0x54 /Users/evie/src/MBED/gcc-arm-none-eabi-6-2017-q1-update/bin/../lib/gcc/arm-none-eabi/6.3.1/../../../../arm-none-eabi/lib/thumb/v6-m/libc.a(lib_a-fflush.o)
                0x00000000000042e8                _fflush_r
 .text.fflush   0x000000000000433c       0x28 /Users/evie/src/MBED/gcc-arm-none-eabi-6-2017-q1-update/bin/../lib/gcc/arm-none-eabi/6.3.1/../../../../arm-none-eabi/lib/thumb/v6-m/libc.a(lib_a-fflush.o)
                0x000000000000433c                fflush
 .text._cleanup_r
                0x0000000000004364       0x10 /Users/evie/src/MBED/gcc-arm-none-eabi-6-2017-q1-update/bin/../lib/gcc/arm-none-eabi/6.3.1/../../../../arm-none-eabi/lib/thumb/v6-m/libc.a(lib_a-findfp.o)
                0x0000000000004364                _cleanup_r
 .text.std.isra.0
                0x0000000000004374       0x50 /Users/evie/src/MBED/gcc-arm-none-eabi-6-2017-q1-update/bin/../lib/gcc/arm-none-eabi/6.3.1/../../../../arm-none-eabi/lib/thumb/v6-m/libc.a(lib_a-findfp.o)
 .text.__sfmoreglue
                0x00000000000043c4       0x30 /Users/evie/src/MBED/gcc-arm-none-eabi-6-2017-q1-update/bin/../lib/gcc/arm-none-eabi/6.3.1/../../../../arm-none-eabi/lib/thumb/v6-m/libc.a(lib_a-findfp.o)
                0x00000000000043c4                __sfmoreglue
 .text.__sinit  0x00000000000043f4       0x60 /Users/evie/src/MBED/gcc-arm-none-eabi-6-2017-q1-update/bin/../lib/gcc/arm-none-eabi/6.3.1/../../../../arm-none-eabi/lib/thumb/v6-m/libc.a(lib_a-findfp.o)
                0x00000000000043f4                __sinit
 .text.__sfp    0x0000000000004454       0xac /Users/evie/src/MBED/gcc-arm-none-eabi-6-2017-q1-update/bin/../lib/gcc/arm-none-eabi/6.3.1/../../../../arm-none-eabi/lib/thumb/v6-m/libc.a(lib_a-findfp.o)
                0x0000000000004454                __sfp
 .text.__sfp_lock_acquire
                0x0000000000004500       0x10 /Users/evie/src/MBED/gcc-arm-none-eabi-6-2017-q1-update/bin/../lib/gcc/arm-none-eabi/6.3.1/../../../../arm-none-eabi/lib/thumb/v6-m/libc.a(lib_a-findfp.o)
                0x0000000000004500                __sfp_lock_acquire
 .text.__sfp_lock_release
                0x0000000000004510       0x10 /Users/evie/src/MBED/gcc-arm-none-eabi-6-2017-q1-update/bin/../lib/gcc/arm-none-eabi/6.3.1/../../../../arm-none-eabi/lib/thumb/v6-m/libc.a(lib_a-findfp.o)
                0x0000000000004510                __sfp_lock_release
 .text._fopen_r
                0x0000000000004520       0xac /Users/evie/src/MBED/gcc-arm-none-eabi-6-2017-q1-update/bin/../lib/gcc/arm-none-eabi/6.3.1/../../../../arm-none-eabi/lib/thumb/v6-m/libc.a(lib_a-fopen.o)
                0x0000000000004520                _fopen_r
 .text.fopen    0x00000000000045cc       0x18 /Users/evie/src/MBED/gcc-arm-none-eabi-6-2017-q1-update/bin/../lib/gcc/arm-none-eabi/6.3.1/../../../../arm-none-eabi/lib/thumb/v6-m/libc.a(lib_a-fopen.o)
                0x00000000000045cc                fopen
 .text._malloc_trim_r
                0x00000000000045e4       0xa0 /Users/evie/src/MBED/gcc-arm-none-eabi-6-2017-q1-update/bin/../lib/gcc/arm-none-eabi/6.3.1/../../../../arm-none-eabi/lib/thumb/v6-m/libc.a(lib_a-freer.o)
                0x00000000000045e4                _malloc_trim_r
 .text._free_r  0x0000000000004684      0x1bc /Users/evie/src/MBED/gcc-arm-none-eabi-6-2017-q1-update/bin/../lib/gcc/arm-none-eabi/6.3.1/../../../../arm-none-eabi/lib/thumb/v6-m/libc.a(lib_a-freer.o)
                0x0000000000004684                _free_r
 .text._fseek_r
                0x0000000000004840        0x8 /Users/evie/src/MBED/gcc-arm-none-eabi-6-2017-q1-update/bin/../lib/gcc/arm-none-eabi/6.3.1/../../../../arm-none-eabi/lib/thumb/v6-m/libc.a(lib_a-fseek.o)
                0x0000000000004840                _fseek_r
 .text._fseeko_r
                0x0000000000004848      0x33c /Users/evie/src/MBED/gcc-arm-none-eabi-6-2017-q1-update/bin/../lib/gcc/arm-none-eabi/6.3.1/../../../../arm-none-eabi/lib/thumb/v6-m/libc.a(lib_a-fseeko.o)
                0x0000000000004848                _fseeko_r
 .text._fstat_r
                0x0000000000004b84       0x28 /Users/evie/src/MBED/gcc-arm-none-eabi-6-2017-q1-update/bin/../lib/gcc/arm-none-eabi/6.3.1/../../../../arm-none-eabi/lib/thumb/v6-m/libc.a(lib_a-fstatr.o)
                0x0000000000004b84                _fstat_r
 .text.__sfvwrite_r
                0x0000000000004bac      0x304 /Users/evie/src/MBED/gcc-arm-none-eabi-6-2017-q1-update/bin/../lib/gcc/arm-none-eabi/6.3.1/../../../../arm-none-eabi/lib/thumb/v6-m/libc.a(lib_a-fvwrite.o)
                0x0000000000004bac                __sfvwrite_r
 .text._fwalk   0x0000000000004eb0       0x44 /Users/evie/src/MBED/gcc-arm-none-eabi-6-2017-q1-update/bin/../lib/gcc/arm-none-eabi/6.3.1/../../../../arm-none-eabi/lib/thumb/v6-m/libc.a(lib_a-fwalk.o)
                0x0000000000004eb0                _fwalk
 .text._fwalk_reent
                0x0000000000004ef4       0x4c /Users/evie/src/MBED/gcc-arm-none-eabi-6-2017-q1-update/bin/../lib/gcc/arm-none-eabi/6.3.1/../../../../arm-none-eabi/lib/thumb/v6-m/libc.a(lib_a-fwalk.o)
                0x0000000000004ef4                _fwalk_reent
 .text.__libc_init_array
                0x0000000000004f40       0x48 /Users/evie/src/MBED/gcc-arm-none-eabi-6-2017-q1-update/bin/../lib/gcc/arm-none-eabi/6.3.1/../../../../arm-none-eabi/lib/thumb/v6-m/libc.a(lib_a-init.o)
                0x0000000000004f40                __libc_init_array
 .text.__locale_mb_cur_max
                0x0000000000004f88       0x20 /Users/evie/src/MBED/gcc-arm-none-eabi-6-2017-q1-update/bin/../lib/gcc/arm-none-eabi/6.3.1/../../../../arm-none-eabi/lib/thumb/v6-m/libc.a(lib_a-locale.o)
                0x0000000000004f88                __locale_mb_cur_max
 .text.__locale_ctype_ptr_l
                0x0000000000004fa8        0x8 /Users/evie/src/MBED/gcc-arm-none-eabi-6-2017-q1-update/bin/../lib/gcc/arm-none-eabi/6.3.1/../../../../arm-none-eabi/lib/thumb/v6-m/libc.a(lib_a-locale.o)
                0x0000000000004fa8                __locale_ctype_ptr_l
 .text.__locale_ctype_ptr
                0x0000000000004fb0       0x1c /Users/evie/src/MBED/gcc-arm-none-eabi-6-2017-q1-update/bin/../lib/gcc/arm-none-eabi/6.3.1/../../../../arm-none-eabi/lib/thumb/v6-m/libc.a(lib_a-locale.o)
                0x0000000000004fb0                __locale_ctype_ptr
 .text.__retarget_lock_init_recursive
                0x0000000000004fcc        0x4 /Users/evie/src/MBED/gcc-arm-none-eabi-6-2017-q1-update/bin/../lib/gcc/arm-none-eabi/6.3.1/../../../../arm-none-eabi/lib/thumb/v6-m/libc.a(lib_a-lock.o)
                0x0000000000004fcc                __retarget_lock_init_recursive
 .text.__retarget_lock_close_recursive
                0x0000000000004fd0        0x4 /Users/evie/src/MBED/gcc-arm-none-eabi-6-2017-q1-update/bin/../lib/gcc/arm-none-eabi/6.3.1/../../../../arm-none-eabi/lib/thumb/v6-m/libc.a(lib_a-lock.o)
                0x0000000000004fd0                __retarget_lock_close_recursive
 .text.__retarget_lock_acquire_recursive
                0x0000000000004fd4        0x4 /Users/evie/src/MBED/gcc-arm-none-eabi-6-2017-q1-update/bin/../lib/gcc/arm-none-eabi/6.3.1/../../../../arm-none-eabi/lib/thumb/v6-m/libc.a(lib_a-lock.o)
                0x0000000000004fd4                __retarget_lock_acquire_recursive
 .text.__retarget_lock_release_recursive
                0x0000000000004fd8        0x4 /Users/evie/src/MBED/gcc-arm-none-eabi-6-2017-q1-update/bin/../lib/gcc/arm-none-eabi/6.3.1/../../../../arm-none-eabi/lib/thumb/v6-m/libc.a(lib_a-lock.o)
                0x0000000000004fd8                __retarget_lock_release_recursive
 .text.__swhatbuf_r
                0x0000000000004fdc       0x60 /Users/evie/src/MBED/gcc-arm-none-eabi-6-2017-q1-update/bin/../lib/gcc/arm-none-eabi/6.3.1/../../../../arm-none-eabi/lib/thumb/v6-m/libc.a(lib_a-makebuf.o)
                0x0000000000004fdc                __swhatbuf_r
 .text.__smakebuf_r
                0x000000000000503c       0x90 /Users/evie/src/MBED/gcc-arm-none-eabi-6-2017-q1-update/bin/../lib/gcc/arm-none-eabi/6.3.1/../../../../arm-none-eabi/lib/thumb/v6-m/libc.a(lib_a-makebuf.o)
                0x000000000000503c                __smakebuf_r
 .text.malloc   0x00000000000050cc       0x14 /Users/evie/src/MBED/gcc-arm-none-eabi-6-2017-q1-update/bin/../lib/gcc/arm-none-eabi/6.3.1/../../../../arm-none-eabi/lib/thumb/v6-m/libc.a(lib_a-malloc.o)
                0x00000000000050cc                malloc
 .text.free     0x00000000000050e0       0x14 /Users/evie/src/MBED/gcc-arm-none-eabi-6-2017-q1-update/bin/../lib/gcc/arm-none-eabi/6.3.1/../../../../arm-none-eabi/lib/thumb/v6-m/libc.a(lib_a-malloc.o)
                0x00000000000050e0                free
 .text._malloc_r
                0x00000000000050f4      0x568 /Users/evie/src/MBED/gcc-arm-none-eabi-6-2017-q1-update/bin/../lib/gcc/arm-none-eabi/6.3.1/../../../../arm-none-eabi/lib/thumb/v6-m/libc.a(lib_a-mallocr.o)
                0x00000000000050f4                _malloc_r
 .text.__ascii_mbtowc